<?xml version="1.0" encoding="ISO-8859-1" ?>
<link_info>
   <banner>TI ARM Linker Unix v20.2.7.LTS</banner>
   <copyright>Copyright (c) 1996-2018 Texas Instruments Incorporated</copyright>
   <link_time>0x643adb2c</link_time>
   <link_errors>0x0</link_errors>
   <output_file>12 Printing to console.out</output_file>
   <entry_point>
      <name>_c_int00_noargs</name>
      <address>0x20f1</address>
   </entry_point>
   <input_file_list>
      <input_file id="fl-1">
         <path>./</path>
         <kind>object</kind>
         <file>main.obj</file>
         <name>main.obj</name>
      </input_file>
      <input_file id="fl-2">
         <path>./</path>
         <kind>object</kind>
         <file>tm4c123gh6pm_startup_ccs.obj</file>
         <name>tm4c123gh6pm_startup_ccs.obj</name>
      </input_file>
      <input_file id="fl-6">
         <kind>object</kind>
         <file>&lt;internal&gt;</file>
         <name>&lt;internal&gt;</name>
      </input_file>
      <input_file id="fl-bc">
         <path>/Applications/ti/ccs1220/ccs/tools/compiler/ti-cgt-arm_20.2.7.LTS/lib/</path>
         <kind>archive</kind>
         <file>rtsv7M4_T_le_v4SPD16_eabi.lib</file>
         <name>snprintf.c.obj</name>
      </input_file>
      <input_file id="fl-bd">
         <path>/Applications/ti/ccs1220/ccs/tools/compiler/ti-cgt-arm_20.2.7.LTS/lib/</path>
         <kind>archive</kind>
         <file>rtsv7M4_T_le_v4SPD16_eabi.lib</file>
         <name>memcpy_t2.asm.obj</name>
      </input_file>
      <input_file id="fl-be">
         <path>/Applications/ti/ccs1220/ccs/tools/compiler/ti-cgt-arm_20.2.7.LTS/lib/</path>
         <kind>archive</kind>
         <file>rtsv7M4_T_le_v4SPD16_eabi.lib</file>
         <name>copy_zero_init.c.obj</name>
      </input_file>
      <input_file id="fl-bf">
         <path>/Applications/ti/ccs1220/ccs/tools/compiler/ti-cgt-arm_20.2.7.LTS/lib/</path>
         <kind>archive</kind>
         <file>rtsv7M4_T_le_v4SPD16_eabi.lib</file>
         <name>copy_decompress_none.c.obj</name>
      </input_file>
      <input_file id="fl-c0">
         <path>/Applications/ti/ccs1220/ccs/tools/compiler/ti-cgt-arm_20.2.7.LTS/lib/</path>
         <kind>archive</kind>
         <file>rtsv7M4_T_le_v4SPD16_eabi.lib</file>
         <name>copy_decompress_lzss.c.obj</name>
      </input_file>
      <input_file id="fl-c1">
         <path>/Applications/ti/ccs1220/ccs/tools/compiler/ti-cgt-arm_20.2.7.LTS/lib/</path>
         <kind>archive</kind>
         <file>rtsv7M4_T_le_v4SPD16_eabi.lib</file>
         <name>boot_cortex_m.c.obj</name>
      </input_file>
      <input_file id="fl-c2">
         <path>/Applications/ti/ccs1220/ccs/tools/compiler/ti-cgt-arm_20.2.7.LTS/lib/</path>
         <kind>archive</kind>
         <file>rtsv7M4_T_le_v4SPD16_eabi.lib</file>
         <name>_printfi.c.obj</name>
      </input_file>
      <input_file id="fl-c3">
         <path>/Applications/ti/ccs1220/ccs/tools/compiler/ti-cgt-arm_20.2.7.LTS/lib/</path>
         <kind>archive</kind>
         <file>rtsv7M4_T_le_v4SPD16_eabi.lib</file>
         <name>fd_add_t2.asm.obj</name>
      </input_file>
      <input_file id="fl-c4">
         <path>/Applications/ti/ccs1220/ccs/tools/compiler/ti-cgt-arm_20.2.7.LTS/lib/</path>
         <kind>archive</kind>
         <file>rtsv7M4_T_le_v4SPD16_eabi.lib</file>
         <name>fd_cmp_t2.asm.obj</name>
      </input_file>
      <input_file id="fl-c5">
         <path>/Applications/ti/ccs1220/ccs/tools/compiler/ti-cgt-arm_20.2.7.LTS/lib/</path>
         <kind>archive</kind>
         <file>rtsv7M4_T_le_v4SPD16_eabi.lib</file>
         <name>fd_div_t2.asm.obj</name>
      </input_file>
      <input_file id="fl-c6">
         <path>/Applications/ti/ccs1220/ccs/tools/compiler/ti-cgt-arm_20.2.7.LTS/lib/</path>
         <kind>archive</kind>
         <file>rtsv7M4_T_le_v4SPD16_eabi.lib</file>
         <name>fd_mul_t2.asm.obj</name>
      </input_file>
      <input_file id="fl-c7">
         <path>/Applications/ti/ccs1220/ccs/tools/compiler/ti-cgt-arm_20.2.7.LTS/lib/</path>
         <kind>archive</kind>
         <file>rtsv7M4_T_le_v4SPD16_eabi.lib</file>
         <name>fd_toi_t2.asm.obj</name>
      </input_file>
      <input_file id="fl-c8">
         <path>/Applications/ti/ccs1220/ccs/tools/compiler/ti-cgt-arm_20.2.7.LTS/lib/</path>
         <kind>archive</kind>
         <file>rtsv7M4_T_le_v4SPD16_eabi.lib</file>
         <name>i_tofd_t2.asm.obj</name>
      </input_file>
      <input_file id="fl-c9">
         <path>/Applications/ti/ccs1220/ccs/tools/compiler/ti-cgt-arm_20.2.7.LTS/lib/</path>
         <kind>archive</kind>
         <file>rtsv7M4_T_le_v4SPD16_eabi.lib</file>
         <name>memset_t2.asm.obj</name>
      </input_file>
      <input_file id="fl-ca">
         <path>/Applications/ti/ccs1220/ccs/tools/compiler/ti-cgt-arm_20.2.7.LTS/lib/</path>
         <kind>archive</kind>
         <file>rtsv7M4_T_le_v4SPD16_eabi.lib</file>
         <name>ull_div_t2.asm.obj</name>
      </input_file>
      <input_file id="fl-cb">
         <path>/Applications/ti/ccs1220/ccs/tools/compiler/ti-cgt-arm_20.2.7.LTS/lib/</path>
         <kind>archive</kind>
         <file>rtsv7M4_T_le_v4SPD16_eabi.lib</file>
         <name>autoinit.c.obj</name>
      </input_file>
      <input_file id="fl-cc">
         <path>/Applications/ti/ccs1220/ccs/tools/compiler/ti-cgt-arm_20.2.7.LTS/lib/</path>
         <kind>archive</kind>
         <file>rtsv7M4_T_le_v4SPD16_eabi.lib</file>
         <name>pre_init.c.obj</name>
      </input_file>
      <input_file id="fl-cd">
         <path>/Applications/ti/ccs1220/ccs/tools/compiler/ti-cgt-arm_20.2.7.LTS/lib/</path>
         <kind>archive</kind>
         <file>rtsv7M4_T_le_v4SPD16_eabi.lib</file>
         <name>cpy_tbl.c.obj</name>
      </input_file>
      <input_file id="fl-ce">
         <path>/Applications/ti/ccs1220/ccs/tools/compiler/ti-cgt-arm_20.2.7.LTS/lib/</path>
         <kind>archive</kind>
         <file>rtsv7M4_T_le_v4SPD16_eabi.lib</file>
         <name>exit.c.obj</name>
      </input_file>
      <input_file id="fl-cf">
         <path>/Applications/ti/ccs1220/ccs/tools/compiler/ti-cgt-arm_20.2.7.LTS/lib/</path>
         <kind>archive</kind>
         <file>rtsv7M4_T_le_v4SPD16_eabi.lib</file>
         <name>_lock.c.obj</name>
      </input_file>
      <input_file id="fl-d0">
         <path>/Applications/ti/ccs1220/ccs/tools/compiler/ti-cgt-arm_20.2.7.LTS/lib/</path>
         <kind>archive</kind>
         <file>rtsv7M4_T_le_v4SPD16_eabi.lib</file>
         <name>_ltoa.c.obj</name>
      </input_file>
      <input_file id="fl-d1">
         <path>/Applications/ti/ccs1220/ccs/tools/compiler/ti-cgt-arm_20.2.7.LTS/lib/</path>
         <kind>archive</kind>
         <file>rtsv7M4_T_le_v4SPD16_eabi.lib</file>
         <name>args_main.c.obj</name>
      </input_file>
      <input_file id="fl-d2">
         <path>/Applications/ti/ccs1220/ccs/tools/compiler/ti-cgt-arm_20.2.7.LTS/lib/</path>
         <kind>archive</kind>
         <file>rtsv7M4_T_le_v4SPD16_eabi.lib</file>
         <name>atoi.c.obj</name>
      </input_file>
      <input_file id="fl-d3">
         <path>/Applications/ti/ccs1220/ccs/tools/compiler/ti-cgt-arm_20.2.7.LTS/lib/</path>
         <kind>archive</kind>
         <file>rtsv7M4_T_le_v4SPD16_eabi.lib</file>
         <name>ctype.c.obj</name>
      </input_file>
      <input_file id="fl-d4">
         <path>/Applications/ti/ccs1220/ccs/tools/compiler/ti-cgt-arm_20.2.7.LTS/lib/</path>
         <kind>archive</kind>
         <file>rtsv7M4_T_le_v4SPD16_eabi.lib</file>
         <name>memccpy.c.obj</name>
      </input_file>
      <input_file id="fl-d5">
         <path>/Applications/ti/ccs1220/ccs/tools/compiler/ti-cgt-arm_20.2.7.LTS/lib/</path>
         <kind>archive</kind>
         <file>rtsv7M4_T_le_v4SPD16_eabi.lib</file>
         <name>strchr.c.obj</name>
      </input_file>
      <input_file id="fl-d6">
         <path>/Applications/ti/ccs1220/ccs/tools/compiler/ti-cgt-arm_20.2.7.LTS/lib/</path>
         <kind>archive</kind>
         <file>rtsv7M4_T_le_v4SPD16_eabi.lib</file>
         <name>strlen.c.obj</name>
      </input_file>
      <input_file id="fl-d7">
         <path>/Applications/ti/ccs1220/ccs/tools/compiler/ti-cgt-arm_20.2.7.LTS/lib/</path>
         <kind>archive</kind>
         <file>rtsv7M4_T_le_v4SPD16_eabi.lib</file>
         <name>errno.c.obj</name>
      </input_file>
      <input_file id="fl-d8">
         <path>/Applications/ti/ccs1220/ccs/tools/compiler/ti-cgt-arm_20.2.7.LTS/lib/</path>
         <kind>archive</kind>
         <file>rtsv7M4_T_le_v4SPD16_eabi.lib</file>
         <name>wcslen.c.obj</name>
      </input_file>
      <input_file id="fl-d9">
         <path>/Applications/ti/ccs1220/ccs/tools/compiler/ti-cgt-arm_20.2.7.LTS/lib/</path>
         <kind>archive</kind>
         <file>rtsv7M4_T_le_v4SPD16_eabi.lib</file>
         <name>s_frexp.c.obj</name>
      </input_file>
      <input_file id="fl-da">
         <path>/Applications/ti/ccs1220/ccs/tools/compiler/ti-cgt-arm_20.2.7.LTS/lib/</path>
         <kind>archive</kind>
         <file>rtsv7M4_T_le_v4SPD16_eabi.lib</file>
         <name>s_scalbn.c.obj</name>
      </input_file>
      <input_file id="fl-db">
         <path>/Applications/ti/ccs1220/ccs/tools/compiler/ti-cgt-arm_20.2.7.LTS/lib/</path>
         <kind>archive</kind>
         <file>rtsv7M4_T_le_v4SPD16_eabi.lib</file>
         <name>div0.asm.obj</name>
      </input_file>
      <input_file id="fl-dc">
         <path>/Applications/ti/ccs1220/ccs/tools/compiler/ti-cgt-arm_20.2.7.LTS/lib/</path>
         <kind>archive</kind>
         <file>rtsv7M4_T_le_v4SPD16_eabi.lib</file>
         <name>s_copysign.c.obj</name>
      </input_file>
   </input_file_list>
   <object_component_list>
      <object_component id="oc-12">
         <name>.intvecs</name>
         <load_address>0x0</load_address>
         <run_address>0x0</run_address>
         <size>0x26c</size>
         <input_file_ref idref="fl-2"/>
      </object_component>
      <object_component id="oc-10a">
         <name>.text:__TI_printfi</name>
         <load_address>0x26c</load_address>
         <run_address>0x26c</run_address>
         <size>0xa4e</size>
         <input_file_ref idref="fl-c2"/>
      </object_component>
      <object_component id="oc-254">
         <name>.text</name>
         <load_address>0xcba</load_address>
         <run_address>0xcba</run_address>
         <size>0x2</size>
         <input_file_ref idref="fl-db"/>
      </object_component>
      <object_component id="oc-176">
         <name>.text:_pconv_a</name>
         <load_address>0xcbc</load_address>
         <run_address>0xcbc</run_address>
         <size>0x270</size>
         <input_file_ref idref="fl-c2"/>
      </object_component>
      <object_component id="oc-164">
         <name>.text:_pconv_g</name>
         <load_address>0xf2c</load_address>
         <run_address>0xf2c</run_address>
         <size>0x1d0</size>
         <input_file_ref idref="fl-c2"/>
      </object_component>
      <object_component id="oc-1f1">
         <name>.text</name>
         <load_address>0x10fc</load_address>
         <run_address>0x10fc</run_address>
         <size>0x1b6</size>
         <input_file_ref idref="fl-c3"/>
      </object_component>
      <object_component id="oc-9b">
         <name>.text</name>
         <load_address>0x12b4</load_address>
         <run_address>0x12b4</run_address>
         <size>0x194</size>
         <input_file_ref idref="fl-1"/>
      </object_component>
      <object_component id="oc-170">
         <name>.text:_pconv_e</name>
         <load_address>0x1448</load_address>
         <run_address>0x1448</run_address>
         <size>0x13c</size>
         <input_file_ref idref="fl-c2"/>
      </object_component>
      <object_component id="oc-1d7">
         <name>.text</name>
         <load_address>0x1584</load_address>
         <run_address>0x1584</run_address>
         <size>0x136</size>
         <input_file_ref idref="fl-c5"/>
      </object_component>
      <object_component id="oc-203">
         <name>.text:fcvt</name>
         <load_address>0x16bc</load_address>
         <run_address>0x16bc</run_address>
         <size>0x124</size>
         <input_file_ref idref="fl-c2"/>
      </object_component>
      <object_component id="oc-217">
         <name>.text:scalbn</name>
         <load_address>0x17e0</load_address>
         <run_address>0x17e0</run_address>
         <size>0x110</size>
         <input_file_ref idref="fl-da"/>
      </object_component>
      <object_component id="oc-1d2">
         <name>.text</name>
         <load_address>0x18f0</load_address>
         <run_address>0x18f0</run_address>
         <size>0xfc</size>
         <input_file_ref idref="fl-c6"/>
      </object_component>
      <object_component id="oc-159">
         <name>.text:_ltostr</name>
         <load_address>0x19ec</load_address>
         <run_address>0x19ec</run_address>
         <size>0xb1</size>
         <input_file_ref idref="fl-c2"/>
      </object_component>
      <object_component id="oc-3b">
         <name>.text</name>
         <load_address>0x1a9e</load_address>
         <run_address>0x1a9e</run_address>
         <size>0x9c</size>
         <input_file_ref idref="fl-bd"/>
      </object_component>
      <object_component id="oc-1cb">
         <name>.text</name>
         <load_address>0x1b3a</load_address>
         <run_address>0x1b3a</run_address>
         <size>0x96</size>
         <input_file_ref idref="fl-ca"/>
      </object_component>
      <object_component id="oc-15f">
         <name>.text:__aeabi_cdcmple</name>
         <load_address>0x1bd0</load_address>
         <run_address>0x1bd0</run_address>
         <size>0x86</size>
         <input_file_ref idref="fl-c4"/>
      </object_component>
      <object_component id="oc-1dc">
         <name>.text:__aeabi_cdrcmple</name>
         <load_address>0x1c56</load_address>
         <run_address>0x1c56</run_address>
         <size>0x86</size>
         <input_file_ref idref="fl-c4"/>
      </object_component>
      <object_component id="oc-8f">
         <name>.text</name>
         <load_address>0x1cdc</load_address>
         <run_address>0x1cdc</run_address>
         <size>0x7a</size>
         <input_file_ref idref="fl-c9"/>
      </object_component>
      <object_component id="oc-1fc">
         <name>.text:_mcpy</name>
         <load_address>0x1d56</load_address>
         <run_address>0x1d56</run_address>
         <size>0x6e</size>
         <input_file_ref idref="fl-c2"/>
      </object_component>
      <object_component id="oc-15">
         <name>.text:decompress:lzss:__TI_decompress_lzss</name>
         <load_address>0x1dc4</load_address>
         <run_address>0x1dc4</run_address>
         <size>0x68</size>
         <input_file_ref idref="fl-c0"/>
      </object_component>
      <object_component id="oc-211">
         <name>.text:frexp</name>
         <load_address>0x1e2c</load_address>
         <run_address>0x1e2c</run_address>
         <size>0x64</size>
         <input_file_ref idref="fl-d9"/>
      </object_component>
      <object_component id="oc-16a">
         <name>.text:_pconv_f</name>
         <load_address>0x1e90</load_address>
         <run_address>0x1e90</run_address>
         <size>0x56</size>
         <input_file_ref idref="fl-c2"/>
      </object_component>
      <object_component id="oc-1e6">
         <name>.text:__TI_ltoa</name>
         <load_address>0x1ee6</load_address>
         <run_address>0x1ee6</run_address>
         <size>0x54</size>
         <input_file_ref idref="fl-d0"/>
      </object_component>
      <object_component id="oc-1f6">
         <name>.text:_ecpy</name>
         <load_address>0x1f3a</load_address>
         <run_address>0x1f3a</run_address>
         <size>0x52</size>
         <input_file_ref idref="fl-c2"/>
      </object_component>
      <object_component id="oc-153">
         <name>.text:atoi</name>
         <load_address>0x1f8c</load_address>
         <run_address>0x1f8c</run_address>
         <size>0x4c</size>
         <input_file_ref idref="fl-d2"/>
      </object_component>
      <object_component id="oc-c3">
         <name>.text:snprintf</name>
         <load_address>0x1fd8</load_address>
         <run_address>0x1fd8</run_address>
         <size>0x4c</size>
         <input_file_ref idref="fl-bc"/>
      </object_component>
      <object_component id="oc-1e1">
         <name>.text</name>
         <load_address>0x2024</load_address>
         <run_address>0x2024</run_address>
         <size>0x48</size>
         <input_file_ref idref="fl-c7"/>
      </object_component>
      <object_component id="oc-d6">
         <name>.text:__TI_auto_init_nobinit_nopinit:__TI_auto_init_nobinit_nopinit</name>
         <load_address>0x206c</load_address>
         <run_address>0x206c</run_address>
         <size>0x44</size>
         <input_file_ref idref="fl-cb"/>
      </object_component>
      <object_component id="oc-209">
         <name>.text:_fcpy</name>
         <load_address>0x20b0</load_address>
         <run_address>0x20b0</run_address>
         <size>0x3e</size>
         <input_file_ref idref="fl-c2"/>
      </object_component>
      <object_component id="oc-59">
         <name>.text:_c_int00_noargs:_c_int00_noargs</name>
         <load_address>0x20f0</load_address>
         <run_address>0x20f0</run_address>
         <size>0x34</size>
         <input_file_ref idref="fl-c1"/>
      </object_component>
      <object_component id="oc-110">
         <name>.text:_outs</name>
         <load_address>0x2124</load_address>
         <run_address>0x2124</run_address>
         <size>0x30</size>
         <input_file_ref idref="fl-bc"/>
      </object_component>
      <object_component id="oc-1ec">
         <name>.text</name>
         <load_address>0x2154</load_address>
         <run_address>0x2154</run_address>
         <size>0x2e</size>
         <input_file_ref idref="fl-c8"/>
      </object_component>
      <object_component id="oc-17c">
         <name>.text:memccpy</name>
         <load_address>0x2182</load_address>
         <run_address>0x2182</run_address>
         <size>0x1c</size>
         <input_file_ref idref="fl-d4"/>
      </object_component>
      <object_component id="oc-26d">
         <name>.text:copysign</name>
         <load_address>0x219e</load_address>
         <run_address>0x219e</run_address>
         <size>0x1a</size>
         <input_file_ref idref="fl-dc"/>
      </object_component>
      <object_component id="oc-116">
         <name>.text:_outc</name>
         <load_address>0x21b8</load_address>
         <run_address>0x21b8</run_address>
         <size>0x18</size>
         <input_file_ref idref="fl-bc"/>
      </object_component>
      <object_component id="oc-21d">
         <name>.text:strchr</name>
         <load_address>0x21d0</load_address>
         <run_address>0x21d0</run_address>
         <size>0x16</size>
         <input_file_ref idref="fl-d5"/>
      </object_component>
      <object_component id="oc-14d">
         <name>.text:strlen</name>
         <load_address>0x21e6</load_address>
         <run_address>0x21e6</run_address>
         <size>0x14</size>
         <input_file_ref idref="fl-d6"/>
      </object_component>
      <object_component id="oc-182">
         <name>.text:wcslen</name>
         <load_address>0x21fa</load_address>
         <run_address>0x21fa</run_address>
         <size>0x12</size>
         <input_file_ref idref="fl-d8"/>
      </object_component>
      <object_component id="oc-1b">
         <name>.text:decompress:none:__TI_decompress_none</name>
         <load_address>0x220c</load_address>
         <run_address>0x220c</run_address>
         <size>0xe</size>
         <input_file_ref idref="fl-bf"/>
      </object_component>
      <object_component id="oc-27">
         <name>.text</name>
         <load_address>0x221a</load_address>
         <run_address>0x221a</run_address>
         <size>0xc</size>
         <input_file_ref idref="fl-2"/>
      </object_component>
      <object_component id="oc-188">
         <name>.text:__aeabi_errno_addr</name>
         <load_address>0x2228</load_address>
         <run_address>0x2228</run_address>
         <size>0x8</size>
         <input_file_ref idref="fl-d7"/>
      </object_component>
      <object_component id="oc-95">
         <name>.text:_system_pre_init</name>
         <load_address>0x2230</load_address>
         <run_address>0x2230</run_address>
         <size>0x4</size>
         <input_file_ref idref="fl-cc"/>
      </object_component>
      <object_component id="oc-ca">
         <name>.text:abort:abort</name>
         <load_address>0x2234</load_address>
         <run_address>0x2234</run_address>
         <size>0x4</size>
         <input_file_ref idref="fl-ce"/>
      </object_component>
      <object_component id="oc-1c6">
         <name>.const:.string:_ctypes_</name>
         <load_address>0x2238</load_address>
         <run_address>0x2238</run_address>
         <size>0x101</size>
         <input_file_ref idref="fl-d3"/>
      </object_component>
      <object_component id="oc-2c3">
         <name>__TI_handler_table</name>
         <load_address>0x2340</load_address>
         <run_address>0x2340</run_address>
         <size>0x8</size>
      </object_component>
      <object_component id="oc-2c5">
         <name>.cinit..data.load</name>
         <load_address>0x2348</load_address>
         <run_address>0x2348</run_address>
         <size>0x7</size>
      </object_component>
      <object_component id="oc-2c4">
         <name>__TI_cinit_table</name>
         <load_address>0x2350</load_address>
         <run_address>0x2350</run_address>
         <size>0x8</size>
      </object_component>
      <object_component id="oc-22d">
         <name>.data</name>
         <load_address>0x20000200</load_address>
         <run_address>0x20000200</run_address>
         <size>0x4</size>
         <input_file_ref idref="fl-d7"/>
      </object_component>
      <object_component id="oc-24">
         <name>.stack</name>
         <uninitialized>true</uninitialized>
         <run_address>0x20000000</run_address>
         <size>0x4</size>
         <input_file_ref idref="fl-c1"/>
      </object_component>
      <object_component id="oc-2c7">
         <name>.stack</name>
         <uninitialized>true</uninitialized>
         <run_address>0x20000000</run_address>
         <size>0x0</size>
      </object_component>
      <object_component id="oc-b2">
         <name>.debug_info</name>
         <load_address>0x0</load_address>
         <run_address>0x0</run_address>
         <size>0x29b</size>
         <input_file_ref idref="fl-1"/>
      </object_component>
      <object_component id="oc-9c">
         <name>.debug_info</name>
         <load_address>0x29b</load_address>
         <run_address>0x29b</run_address>
         <size>0x3e4</size>
         <input_file_ref idref="fl-1"/>
      </object_component>
      <object_component id="oc-70">
         <name>.debug_info</name>
         <load_address>0x67f</load_address>
         <run_address>0x67f</run_address>
         <size>0x26b</size>
         <input_file_ref idref="fl-1"/>
      </object_component>
      <object_component id="oc-36">
         <name>.debug_info</name>
         <load_address>0x8ea</load_address>
         <run_address>0x8ea</run_address>
         <size>0x84</size>
         <input_file_ref idref="fl-1"/>
      </object_component>
      <object_component id="oc-ad">
         <name>.debug_info</name>
         <load_address>0x96e</load_address>
         <run_address>0x96e</run_address>
         <size>0x2a4</size>
         <input_file_ref idref="fl-1"/>
      </object_component>
      <object_component id="oc-75">
         <name>.debug_info</name>
         <load_address>0xc12</load_address>
         <run_address>0xc12</run_address>
         <size>0xbb</size>
         <input_file_ref idref="fl-1"/>
      </object_component>
      <object_component id="oc-2f">
         <name>.debug_info</name>
         <load_address>0xccd</load_address>
         <run_address>0xccd</run_address>
         <size>0x2bd</size>
         <input_file_ref idref="fl-2"/>
      </object_component>
      <object_component id="oc-13">
         <name>.debug_info</name>
         <load_address>0xf8a</load_address>
         <run_address>0xf8a</run_address>
         <size>0xfc</size>
         <input_file_ref idref="fl-2"/>
      </object_component>
      <object_component id="oc-28">
         <name>.debug_info</name>
         <load_address>0x1086</load_address>
         <run_address>0x1086</run_address>
         <size>0x278</size>
         <input_file_ref idref="fl-2"/>
      </object_component>
      <object_component id="oc-11d">
         <name>.debug_info</name>
         <load_address>0x12fe</load_address>
         <run_address>0x12fe</run_address>
         <size>0x33a</size>
         <input_file_ref idref="fl-bc"/>
      </object_component>
      <object_component id="oc-c5">
         <name>.debug_info</name>
         <load_address>0x1638</load_address>
         <run_address>0x1638</run_address>
         <size>0x1ee</size>
         <input_file_ref idref="fl-bc"/>
      </object_component>
      <object_component id="oc-112">
         <name>.debug_info</name>
         <load_address>0x1826</load_address>
         <run_address>0x1826</run_address>
         <size>0x1c3</size>
         <input_file_ref idref="fl-bc"/>
      </object_component>
      <object_component id="oc-119">
         <name>.debug_info</name>
         <load_address>0x19e9</load_address>
         <run_address>0x19e9</run_address>
         <size>0x176</size>
         <input_file_ref idref="fl-bc"/>
      </object_component>
      <object_component id="oc-11e">
         <name>.debug_info</name>
         <load_address>0x1b5f</load_address>
         <run_address>0x1b5f</run_address>
         <size>0x2c</size>
         <input_file_ref idref="fl-bc"/>
      </object_component>
      <object_component id="oc-19e">
         <name>.debug_info</name>
         <load_address>0x1b8b</load_address>
         <run_address>0x1b8b</run_address>
         <size>0x4e</size>
         <input_file_ref idref="fl-bc"/>
      </object_component>
      <object_component id="oc-128">
         <name>.debug_info</name>
         <load_address>0x1bd9</load_address>
         <run_address>0x1bd9</run_address>
         <size>0x2c</size>
         <input_file_ref idref="fl-bc"/>
      </object_component>
      <object_component id="oc-123">
         <name>.debug_info</name>
         <load_address>0x1c05</load_address>
         <run_address>0x1c05</run_address>
         <size>0x69</size>
         <input_file_ref idref="fl-bc"/>
      </object_component>
      <object_component id="oc-3e">
         <name>.debug_info</name>
         <load_address>0x1c6e</load_address>
         <run_address>0x1c6e</run_address>
         <size>0x119</size>
         <input_file_ref idref="fl-bd"/>
      </object_component>
      <object_component id="oc-ba">
         <name>.debug_info</name>
         <load_address>0x1d87</load_address>
         <run_address>0x1d87</run_address>
         <size>0x2c</size>
         <input_file_ref idref="fl-be"/>
      </object_component>
      <object_component id="oc-46">
         <name>.debug_info</name>
         <load_address>0x1db3</load_address>
         <run_address>0x1db3</run_address>
         <size>0x2a8</size>
         <input_file_ref idref="fl-bf"/>
      </object_component>
      <object_component id="oc-1c">
         <name>.debug_info</name>
         <load_address>0x205b</load_address>
         <run_address>0x205b</run_address>
         <size>0x1ea</size>
         <input_file_ref idref="fl-bf"/>
      </object_component>
      <object_component id="oc-41">
         <name>.debug_info</name>
         <load_address>0x2245</load_address>
         <run_address>0x2245</run_address>
         <size>0x46</size>
         <input_file_ref idref="fl-bf"/>
      </object_component>
      <object_component id="oc-81">
         <name>.debug_info</name>
         <load_address>0x228b</load_address>
         <run_address>0x228b</run_address>
         <size>0x2c</size>
         <input_file_ref idref="fl-bf"/>
      </object_component>
      <object_component id="oc-7f">
         <name>.debug_info</name>
         <load_address>0x22b7</load_address>
         <run_address>0x22b7</run_address>
         <size>0x29e</size>
         <input_file_ref idref="fl-c0"/>
      </object_component>
      <object_component id="oc-16">
         <name>.debug_info</name>
         <load_address>0x2555</load_address>
         <run_address>0x2555</run_address>
         <size>0x250</size>
         <input_file_ref idref="fl-c0"/>
      </object_component>
      <object_component id="oc-31">
         <name>.debug_info</name>
         <load_address>0x27a5</load_address>
         <run_address>0x27a5</run_address>
         <size>0x60</size>
         <input_file_ref idref="fl-c0"/>
      </object_component>
      <object_component id="oc-b3">
         <name>.debug_info</name>
         <load_address>0x2805</load_address>
         <run_address>0x2805</run_address>
         <size>0x46</size>
         <input_file_ref idref="fl-c0"/>
      </object_component>
      <object_component id="oc-7a">
         <name>.debug_info</name>
         <load_address>0x284b</load_address>
         <run_address>0x284b</run_address>
         <size>0x39</size>
         <input_file_ref idref="fl-c0"/>
      </object_component>
      <object_component id="oc-25">
         <name>.debug_info</name>
         <load_address>0x2884</load_address>
         <run_address>0x2884</run_address>
         <size>0x10b</size>
         <input_file_ref idref="fl-c1"/>
      </object_component>
      <object_component id="oc-5b">
         <name>.debug_info</name>
         <load_address>0x298f</load_address>
         <run_address>0x298f</run_address>
         <size>0x1a9</size>
         <input_file_ref idref="fl-c1"/>
      </object_component>
      <object_component id="oc-18f">
         <name>.debug_info</name>
         <load_address>0x2b38</load_address>
         <run_address>0x2b38</run_address>
         <size>0x590</size>
         <input_file_ref idref="fl-c2"/>
      </object_component>
      <object_component id="oc-15a">
         <name>.debug_info</name>
         <load_address>0x30c8</load_address>
         <run_address>0x30c8</run_address>
         <size>0x21e</size>
         <input_file_ref idref="fl-c2"/>
      </object_component>
      <object_component id="oc-1f7">
         <name>.debug_info</name>
         <load_address>0x32e6</load_address>
         <run_address>0x32e6</run_address>
         <size>0x1b3</size>
         <input_file_ref idref="fl-c2"/>
      </object_component>
      <object_component id="oc-1fd">
         <name>.debug_info</name>
         <load_address>0x3499</load_address>
         <run_address>0x3499</run_address>
         <size>0x21b</size>
         <input_file_ref idref="fl-c2"/>
      </object_component>
      <object_component id="oc-165">
         <name>.debug_info</name>
         <load_address>0x36b4</load_address>
         <run_address>0x36b4</run_address>
         <size>0x3c0</size>
         <input_file_ref idref="fl-c2"/>
      </object_component>
      <object_component id="oc-204">
         <name>.debug_info</name>
         <load_address>0x3a74</load_address>
         <run_address>0x3a74</run_address>
         <size>0x30a</size>
         <input_file_ref idref="fl-c2"/>
      </object_component>
      <object_component id="oc-20a">
         <name>.debug_info</name>
         <load_address>0x3d7e</load_address>
         <run_address>0x3d7e</run_address>
         <size>0x215</size>
         <input_file_ref idref="fl-c2"/>
      </object_component>
      <object_component id="oc-16b">
         <name>.debug_info</name>
         <load_address>0x3f93</load_address>
         <run_address>0x3f93</run_address>
         <size>0x215</size>
         <input_file_ref idref="fl-c2"/>
      </object_component>
      <object_component id="oc-171">
         <name>.debug_info</name>
         <load_address>0x41a8</load_address>
         <run_address>0x41a8</run_address>
         <size>0x304</size>
         <input_file_ref idref="fl-c2"/>
      </object_component>
      <object_component id="oc-177">
         <name>.debug_info</name>
         <load_address>0x44ac</load_address>
         <run_address>0x44ac</run_address>
         <size>0x4b5</size>
         <input_file_ref idref="fl-c2"/>
      </object_component>
      <object_component id="oc-10b">
         <name>.debug_info</name>
         <load_address>0x4961</load_address>
         <run_address>0x4961</run_address>
         <size>0x5f4</size>
         <input_file_ref idref="fl-c2"/>
      </object_component>
      <object_component id="oc-190">
         <name>.debug_info</name>
         <load_address>0x4f55</load_address>
         <run_address>0x4f55</run_address>
         <size>0x86</size>
         <input_file_ref idref="fl-c2"/>
      </object_component>
      <object_component id="oc-234">
         <name>.debug_info</name>
         <load_address>0x4fdb</load_address>
         <run_address>0x4fdb</run_address>
         <size>0x39</size>
         <input_file_ref idref="fl-c2"/>
      </object_component>
      <object_component id="oc-284">
         <name>.debug_info</name>
         <load_address>0x5014</load_address>
         <run_address>0x5014</run_address>
         <size>0xb6</size>
         <input_file_ref idref="fl-c2"/>
      </object_component>
      <object_component id="oc-239">
         <name>.debug_info</name>
         <load_address>0x50ca</load_address>
         <run_address>0x50ca</run_address>
         <size>0x46</size>
         <input_file_ref idref="fl-c2"/>
      </object_component>
      <object_component id="oc-195">
         <name>.debug_info</name>
         <load_address>0x5110</load_address>
         <run_address>0x5110</run_address>
         <size>0x46</size>
         <input_file_ref idref="fl-c2"/>
      </object_component>
      <object_component id="oc-1f2">
         <name>.debug_info</name>
         <load_address>0x5156</load_address>
         <run_address>0x5156</run_address>
         <size>0x14c</size>
         <input_file_ref idref="fl-c3"/>
      </object_component>
      <object_component id="oc-161">
         <name>.debug_info</name>
         <load_address>0x52a2</load_address>
         <run_address>0x52a2</run_address>
         <size>0x128</size>
         <input_file_ref idref="fl-c4"/>
      </object_component>
      <object_component id="oc-1de">
         <name>.debug_info</name>
         <load_address>0x53ca</load_address>
         <run_address>0x53ca</run_address>
         <size>0x12a</size>
         <input_file_ref idref="fl-c4"/>
      </object_component>
      <object_component id="oc-1d8">
         <name>.debug_info</name>
         <load_address>0x54f4</load_address>
         <run_address>0x54f4</run_address>
         <size>0x13a</size>
         <input_file_ref idref="fl-c5"/>
      </object_component>
      <object_component id="oc-1d3">
         <name>.debug_info</name>
         <load_address>0x562e</load_address>
         <run_address>0x562e</run_address>
         <size>0x13a</size>
         <input_file_ref idref="fl-c6"/>
      </object_component>
      <object_component id="oc-1e2">
         <name>.debug_info</name>
         <load_address>0x5768</load_address>
         <run_address>0x5768</run_address>
         <size>0x12e</size>
         <input_file_ref idref="fl-c7"/>
      </object_component>
      <object_component id="oc-1ed">
         <name>.debug_info</name>
         <load_address>0x5896</load_address>
         <run_address>0x5896</run_address>
         <size>0x12c</size>
         <input_file_ref idref="fl-c8"/>
      </object_component>
      <object_component id="oc-90">
         <name>.debug_info</name>
         <load_address>0x59c2</load_address>
         <run_address>0x59c2</run_address>
         <size>0x147</size>
         <input_file_ref idref="fl-c9"/>
      </object_component>
      <object_component id="oc-1cc">
         <name>.debug_info</name>
         <load_address>0x5b09</load_address>
         <run_address>0x5b09</run_address>
         <size>0x134</size>
         <input_file_ref idref="fl-ca"/>
      </object_component>
      <object_component id="oc-138">
         <name>.debug_info</name>
         <load_address>0x5c3d</load_address>
         <run_address>0x5c3d</run_address>
         <size>0x4b3</size>
         <input_file_ref idref="fl-cb"/>
      </object_component>
      <object_component id="oc-d7">
         <name>.debug_info</name>
         <load_address>0x60f0</load_address>
         <run_address>0x60f0</run_address>
         <size>0x1a6</size>
         <input_file_ref idref="fl-cb"/>
      </object_component>
      <object_component id="oc-1b3">
         <name>.debug_info</name>
         <load_address>0x6296</load_address>
         <run_address>0x6296</run_address>
         <size>0x39</size>
         <input_file_ref idref="fl-cb"/>
      </object_component>
      <object_component id="oc-241">
         <name>.debug_info</name>
         <load_address>0x62cf</load_address>
         <run_address>0x62cf</run_address>
         <size>0x39</size>
         <input_file_ref idref="fl-cb"/>
      </object_component>
      <object_component id="oc-1b8">
         <name>.debug_info</name>
         <load_address>0x6308</load_address>
         <run_address>0x6308</run_address>
         <size>0x39</size>
         <input_file_ref idref="fl-cb"/>
      </object_component>
      <object_component id="oc-1bd">
         <name>.debug_info</name>
         <load_address>0x6341</load_address>
         <run_address>0x6341</run_address>
         <size>0xcd</size>
         <input_file_ref idref="fl-cb"/>
      </object_component>
      <object_component id="oc-96">
         <name>.debug_info</name>
         <load_address>0x640e</load_address>
         <run_address>0x640e</run_address>
         <size>0x153</size>
         <input_file_ref idref="fl-cc"/>
      </object_component>
      <object_component id="oc-cc">
         <name>.debug_info</name>
         <load_address>0x6561</load_address>
         <run_address>0x6561</run_address>
         <size>0x122</size>
         <input_file_ref idref="fl-ce"/>
      </object_component>
      <object_component id="oc-25f">
         <name>.debug_info</name>
         <load_address>0x6683</load_address>
         <run_address>0x6683</run_address>
         <size>0x29c</size>
         <input_file_ref idref="fl-d0"/>
      </object_component>
      <object_component id="oc-1e7">
         <name>.debug_info</name>
         <load_address>0x691f</load_address>
         <run_address>0x691f</run_address>
         <size>0x1da</size>
         <input_file_ref idref="fl-d0"/>
      </object_component>
      <object_component id="oc-1ca">
         <name>.debug_info</name>
         <load_address>0x6af9</load_address>
         <run_address>0x6af9</run_address>
         <size>0x2b9</size>
         <input_file_ref idref="fl-d2"/>
      </object_component>
      <object_component id="oc-155">
         <name>.debug_info</name>
         <load_address>0x6db2</load_address>
         <run_address>0x6db2</run_address>
         <size>0x17c</size>
         <input_file_ref idref="fl-d2"/>
      </object_component>
      <object_component id="oc-251">
         <name>.debug_info</name>
         <load_address>0x6f2e</load_address>
         <run_address>0x6f2e</run_address>
         <size>0xf9</size>
         <input_file_ref idref="fl-d3"/>
      </object_component>
      <object_component id="oc-1c7">
         <name>.debug_info</name>
         <load_address>0x7027</load_address>
         <run_address>0x7027</run_address>
         <size>0x105</size>
         <input_file_ref idref="fl-d3"/>
      </object_component>
      <object_component id="oc-225">
         <name>.debug_info</name>
         <load_address>0x712c</load_address>
         <run_address>0x712c</run_address>
         <size>0x2a7</size>
         <input_file_ref idref="fl-d4"/>
      </object_component>
      <object_component id="oc-17d">
         <name>.debug_info</name>
         <load_address>0x73d3</load_address>
         <run_address>0x73d3</run_address>
         <size>0x1b8</size>
         <input_file_ref idref="fl-d4"/>
      </object_component>
      <object_component id="oc-276">
         <name>.debug_info</name>
         <load_address>0x758b</load_address>
         <run_address>0x758b</run_address>
         <size>0x29a</size>
         <input_file_ref idref="fl-d5"/>
      </object_component>
      <object_component id="oc-21e">
         <name>.debug_info</name>
         <load_address>0x7825</load_address>
         <run_address>0x7825</run_address>
         <size>0x262</size>
         <input_file_ref idref="fl-d5"/>
      </object_component>
      <object_component id="oc-1c5">
         <name>.debug_info</name>
         <load_address>0x7a87</load_address>
         <run_address>0x7a87</run_address>
         <size>0x28f</size>
         <input_file_ref idref="fl-d6"/>
      </object_component>
      <object_component id="oc-14e">
         <name>.debug_info</name>
         <load_address>0x7d16</load_address>
         <run_address>0x7d16</run_address>
         <size>0x245</size>
         <input_file_ref idref="fl-d6"/>
      </object_component>
      <object_component id="oc-231">
         <name>.debug_info</name>
         <load_address>0x7f5b</load_address>
         <run_address>0x7f5b</run_address>
         <size>0x289</size>
         <input_file_ref idref="fl-d7"/>
      </object_component>
      <object_component id="oc-22e">
         <name>.debug_info</name>
         <load_address>0x81e4</load_address>
         <run_address>0x81e4</run_address>
         <size>0x10e</size>
         <input_file_ref idref="fl-d7"/>
      </object_component>
      <object_component id="oc-18a">
         <name>.debug_info</name>
         <load_address>0x82f2</load_address>
         <run_address>0x82f2</run_address>
         <size>0x14e</size>
         <input_file_ref idref="fl-d7"/>
      </object_component>
      <object_component id="oc-22c">
         <name>.debug_info</name>
         <load_address>0x8440</load_address>
         <run_address>0x8440</run_address>
         <size>0x28f</size>
         <input_file_ref idref="fl-d8"/>
      </object_component>
      <object_component id="oc-183">
         <name>.debug_info</name>
         <load_address>0x86cf</load_address>
         <run_address>0x86cf</run_address>
         <size>0x15a</size>
         <input_file_ref idref="fl-d8"/>
      </object_component>
      <object_component id="oc-279">
         <name>.debug_info</name>
         <load_address>0x8829</load_address>
         <run_address>0x8829</run_address>
         <size>0x46</size>
         <input_file_ref idref="fl-d8"/>
      </object_component>
      <object_component id="oc-227">
         <name>.debug_info</name>
         <load_address>0x886f</load_address>
         <run_address>0x886f</run_address>
         <size>0x39</size>
         <input_file_ref idref="fl-d8"/>
      </object_component>
      <object_component id="oc-267">
         <name>.debug_info</name>
         <load_address>0x88a8</load_address>
         <run_address>0x88a8</run_address>
         <size>0x295</size>
         <input_file_ref idref="fl-d9"/>
      </object_component>
      <object_component id="oc-212">
         <name>.debug_info</name>
         <load_address>0x8b3d</load_address>
         <run_address>0x8b3d</run_address>
         <size>0x195</size>
         <input_file_ref idref="fl-d9"/>
      </object_component>
      <object_component id="oc-290">
         <name>.debug_info</name>
         <load_address>0x8cd2</load_address>
         <run_address>0x8cd2</run_address>
         <size>0x39</size>
         <input_file_ref idref="fl-d9"/>
      </object_component>
      <object_component id="oc-268">
         <name>.debug_info</name>
         <load_address>0x8d0b</load_address>
         <run_address>0x8d0b</run_address>
         <size>0x2c</size>
         <input_file_ref idref="fl-d9"/>
      </object_component>
      <object_component id="oc-274">
         <name>.debug_info</name>
         <load_address>0x8d37</load_address>
         <run_address>0x8d37</run_address>
         <size>0x2f8</size>
         <input_file_ref idref="fl-da"/>
      </object_component>
      <object_component id="oc-219">
         <name>.debug_info</name>
         <load_address>0x902f</load_address>
         <run_address>0x902f</run_address>
         <size>0x225</size>
         <input_file_ref idref="fl-da"/>
      </object_component>
      <object_component id="oc-257">
         <name>.debug_info</name>
         <load_address>0x9254</load_address>
         <run_address>0x9254</run_address>
         <size>0x115</size>
         <input_file_ref idref="fl-db"/>
      </object_component>
      <object_component id="oc-270">
         <name>.debug_info</name>
         <load_address>0x9369</load_address>
         <run_address>0x9369</run_address>
         <size>0x161</size>
         <input_file_ref idref="fl-dc"/>
      </object_component>
      <object_component id="oc-2c8">
         <name>.debug_info</name>
         <load_address>0x94ca</load_address>
         <run_address>0x94ca</run_address>
         <size>0xaf</size>
      </object_component>
      <object_component id="oc-109">
         <name>.debug_line</name>
         <load_address>0x0</load_address>
         <run_address>0x0</run_address>
         <size>0x2d</size>
         <input_file_ref idref="fl-1"/>
      </object_component>
      <object_component id="oc-9f">
         <name>.debug_line</name>
         <load_address>0x2d</load_address>
         <run_address>0x2d</run_address>
         <size>0xfe</size>
         <input_file_ref idref="fl-1"/>
      </object_component>
      <object_component id="oc-73">
         <name>.debug_line</name>
         <load_address>0x12b</load_address>
         <run_address>0x12b</run_address>
         <size>0x7a</size>
         <input_file_ref idref="fl-1"/>
      </object_component>
      <object_component id="oc-39">
         <name>.debug_line</name>
         <load_address>0x1a5</load_address>
         <run_address>0x1a5</run_address>
         <size>0x20</size>
         <input_file_ref idref="fl-1"/>
      </object_component>
      <object_component id="oc-b0">
         <name>.debug_line</name>
         <load_address>0x1c5</load_address>
         <run_address>0x1c5</run_address>
         <size>0x7e</size>
         <input_file_ref idref="fl-1"/>
      </object_component>
      <object_component id="oc-78">
         <name>.debug_line</name>
         <load_address>0x243</load_address>
         <run_address>0x243</run_address>
         <size>0x7b</size>
         <input_file_ref idref="fl-1"/>
      </object_component>
      <object_component id="oc-6f">
         <name>.debug_line</name>
         <load_address>0x2be</load_address>
         <run_address>0x2be</run_address>
         <size>0x41</size>
         <input_file_ref idref="fl-2"/>
      </object_component>
      <object_component id="oc-2e">
         <name>.debug_line</name>
         <load_address>0x2ff</load_address>
         <run_address>0x2ff</run_address>
         <size>0x41</size>
         <input_file_ref idref="fl-2"/>
      </object_component>
      <object_component id="oc-2b">
         <name>.debug_line</name>
         <load_address>0x340</load_address>
         <run_address>0x340</run_address>
         <size>0xa1</size>
         <input_file_ref idref="fl-2"/>
      </object_component>
      <object_component id="oc-19d">
         <name>.debug_line</name>
         <load_address>0x3e1</load_address>
         <run_address>0x3e1</run_address>
         <size>0x2e</size>
         <input_file_ref idref="fl-bc"/>
      </object_component>
      <object_component id="oc-c4">
         <name>.debug_line</name>
         <load_address>0x40f</load_address>
         <run_address>0x40f</run_address>
         <size>0x5f</size>
         <input_file_ref idref="fl-bc"/>
      </object_component>
      <object_component id="oc-111">
         <name>.debug_line</name>
         <load_address>0x46e</load_address>
         <run_address>0x46e</run_address>
         <size>0x58</size>
         <input_file_ref idref="fl-bc"/>
      </object_component>
      <object_component id="oc-118">
         <name>.debug_line</name>
         <load_address>0x4c6</load_address>
         <run_address>0x4c6</run_address>
         <size>0x46</size>
         <input_file_ref idref="fl-bc"/>
      </object_component>
      <object_component id="oc-121">
         <name>.debug_line</name>
         <load_address>0x50c</load_address>
         <run_address>0x50c</run_address>
         <size>0x91</size>
         <input_file_ref idref="fl-bc"/>
      </object_component>
      <object_component id="oc-1a1">
         <name>.debug_line</name>
         <load_address>0x59d</load_address>
         <run_address>0x59d</run_address>
         <size>0x9a</size>
         <input_file_ref idref="fl-bc"/>
      </object_component>
      <object_component id="oc-12b">
         <name>.debug_line</name>
         <load_address>0x637</load_address>
         <run_address>0x637</run_address>
         <size>0x92</size>
         <input_file_ref idref="fl-bc"/>
      </object_component>
      <object_component id="oc-126">
         <name>.debug_line</name>
         <load_address>0x6c9</load_address>
         <run_address>0x6c9</run_address>
         <size>0x2e</size>
         <input_file_ref idref="fl-bc"/>
      </object_component>
      <object_component id="oc-3d">
         <name>.debug_line</name>
         <load_address>0x6f7</load_address>
         <run_address>0x6f7</run_address>
         <size>0x88</size>
         <input_file_ref idref="fl-bd"/>
      </object_component>
      <object_component id="oc-bd">
         <name>.debug_line</name>
         <load_address>0x77f</load_address>
         <run_address>0x77f</run_address>
         <size>0x92</size>
         <input_file_ref idref="fl-be"/>
      </object_component>
      <object_component id="oc-87">
         <name>.debug_line</name>
         <load_address>0x811</load_address>
         <run_address>0x811</run_address>
         <size>0x20</size>
         <input_file_ref idref="fl-bf"/>
      </object_component>
      <object_component id="oc-1f">
         <name>.debug_line</name>
         <load_address>0x831</load_address>
         <run_address>0x831</run_address>
         <size>0x55</size>
         <input_file_ref idref="fl-bf"/>
      </object_component>
      <object_component id="oc-44">
         <name>.debug_line</name>
         <load_address>0x886</load_address>
         <run_address>0x886</run_address>
         <size>0x3a</size>
         <input_file_ref idref="fl-bf"/>
      </object_component>
      <object_component id="oc-84">
         <name>.debug_line</name>
         <load_address>0x8c0</load_address>
         <run_address>0x8c0</run_address>
         <size>0x92</size>
         <input_file_ref idref="fl-bf"/>
      </object_component>
      <object_component id="oc-b9">
         <name>.debug_line</name>
         <load_address>0x952</load_address>
         <run_address>0x952</run_address>
         <size>0x20</size>
         <input_file_ref idref="fl-c0"/>
      </object_component>
      <object_component id="oc-19">
         <name>.debug_line</name>
         <load_address>0x972</load_address>
         <run_address>0x972</run_address>
         <size>0xa9</size>
         <input_file_ref idref="fl-c0"/>
      </object_component>
      <object_component id="oc-34">
         <name>.debug_line</name>
         <load_address>0xa1b</load_address>
         <run_address>0xa1b</run_address>
         <size>0x3a</size>
         <input_file_ref idref="fl-c0"/>
      </object_component>
      <object_component id="oc-b6">
         <name>.debug_line</name>
         <load_address>0xa55</load_address>
         <run_address>0xa55</run_address>
         <size>0x9a</size>
         <input_file_ref idref="fl-c0"/>
      </object_component>
      <object_component id="oc-7d">
         <name>.debug_line</name>
         <load_address>0xaef</load_address>
         <run_address>0xaef</run_address>
         <size>0x96</size>
         <input_file_ref idref="fl-c0"/>
      </object_component>
      <object_component id="oc-6c">
         <name>.debug_line</name>
         <load_address>0xb85</load_address>
         <run_address>0xb85</run_address>
         <size>0x33</size>
         <input_file_ref idref="fl-c1"/>
      </object_component>
      <object_component id="oc-5a">
         <name>.debug_line</name>
         <load_address>0xbb8</load_address>
         <run_address>0xbb8</run_address>
         <size>0x45</size>
         <input_file_ref idref="fl-c1"/>
      </object_component>
      <object_component id="oc-233">
         <name>.debug_line</name>
         <load_address>0xbfd</load_address>
         <run_address>0xbfd</run_address>
         <size>0x264</size>
         <input_file_ref idref="fl-c2"/>
      </object_component>
      <object_component id="oc-15d">
         <name>.debug_line</name>
         <load_address>0xe61</load_address>
         <run_address>0xe61</run_address>
         <size>0x7a</size>
         <input_file_ref idref="fl-c2"/>
      </object_component>
      <object_component id="oc-1fa">
         <name>.debug_line</name>
         <load_address>0xedb</load_address>
         <run_address>0xedb</run_address>
         <size>0x51</size>
         <input_file_ref idref="fl-c2"/>
      </object_component>
      <object_component id="oc-200">
         <name>.debug_line</name>
         <load_address>0xf2c</load_address>
         <run_address>0xf2c</run_address>
         <size>0x88</size>
         <input_file_ref idref="fl-c2"/>
      </object_component>
      <object_component id="oc-168">
         <name>.debug_line</name>
         <load_address>0xfb4</load_address>
         <run_address>0xfb4</run_address>
         <size>0x14b</size>
         <input_file_ref idref="fl-c2"/>
      </object_component>
      <object_component id="oc-207">
         <name>.debug_line</name>
         <load_address>0x10ff</load_address>
         <run_address>0x10ff</run_address>
         <size>0xec</size>
         <input_file_ref idref="fl-c2"/>
      </object_component>
      <object_component id="oc-20d">
         <name>.debug_line</name>
         <load_address>0x11eb</load_address>
         <run_address>0x11eb</run_address>
         <size>0x5d</size>
         <input_file_ref idref="fl-c2"/>
      </object_component>
      <object_component id="oc-16e">
         <name>.debug_line</name>
         <load_address>0x1248</load_address>
         <run_address>0x1248</run_address>
         <size>0x5c</size>
         <input_file_ref idref="fl-c2"/>
      </object_component>
      <object_component id="oc-174">
         <name>.debug_line</name>
         <load_address>0x12a4</load_address>
         <run_address>0x12a4</run_address>
         <size>0xae</size>
         <input_file_ref idref="fl-c2"/>
      </object_component>
      <object_component id="oc-17a">
         <name>.debug_line</name>
         <load_address>0x1352</load_address>
         <run_address>0x1352</run_address>
         <size>0x1ac</size>
         <input_file_ref idref="fl-c2"/>
      </object_component>
      <object_component id="oc-10e">
         <name>.debug_line</name>
         <load_address>0x14fe</load_address>
         <run_address>0x14fe</run_address>
         <size>0x76f</size>
         <input_file_ref idref="fl-c2"/>
      </object_component>
      <object_component id="oc-193">
         <name>.debug_line</name>
         <load_address>0x1c6d</load_address>
         <run_address>0x1c6d</run_address>
         <size>0x92</size>
         <input_file_ref idref="fl-c2"/>
      </object_component>
      <object_component id="oc-237">
         <name>.debug_line</name>
         <load_address>0x1cff</load_address>
         <run_address>0x1cff</run_address>
         <size>0x92</size>
         <input_file_ref idref="fl-c2"/>
      </object_component>
      <object_component id="oc-287">
         <name>.debug_line</name>
         <load_address>0x1d91</load_address>
         <run_address>0x1d91</run_address>
         <size>0x9a</size>
         <input_file_ref idref="fl-c2"/>
      </object_component>
      <object_component id="oc-23c">
         <name>.debug_line</name>
         <load_address>0x1e2b</load_address>
         <run_address>0x1e2b</run_address>
         <size>0x97</size>
         <input_file_ref idref="fl-c2"/>
      </object_component>
      <object_component id="oc-198">
         <name>.debug_line</name>
         <load_address>0x1ec2</load_address>
         <run_address>0x1ec2</run_address>
         <size>0x2e</size>
         <input_file_ref idref="fl-c2"/>
      </object_component>
      <object_component id="oc-1f5">
         <name>.debug_line</name>
         <load_address>0x1ef0</load_address>
         <run_address>0x1ef0</run_address>
         <size>0xd2</size>
         <input_file_ref idref="fl-c3"/>
      </object_component>
      <object_component id="oc-163">
         <name>.debug_line</name>
         <load_address>0x1fc2</load_address>
         <run_address>0x1fc2</run_address>
         <size>0x77</size>
         <input_file_ref idref="fl-c4"/>
      </object_component>
      <object_component id="oc-1e0">
         <name>.debug_line</name>
         <load_address>0x2039</load_address>
         <run_address>0x2039</run_address>
         <size>0x77</size>
         <input_file_ref idref="fl-c4"/>
      </object_component>
      <object_component id="oc-1db">
         <name>.debug_line</name>
         <load_address>0x20b0</load_address>
         <run_address>0x20b0</run_address>
         <size>0xa8</size>
         <input_file_ref idref="fl-c5"/>
      </object_component>
      <object_component id="oc-1d6">
         <name>.debug_line</name>
         <load_address>0x2158</load_address>
         <run_address>0x2158</run_address>
         <size>0x8e</size>
         <input_file_ref idref="fl-c6"/>
      </object_component>
      <object_component id="oc-1e5">
         <name>.debug_line</name>
         <load_address>0x21e6</load_address>
         <run_address>0x21e6</run_address>
         <size>0x5a</size>
         <input_file_ref idref="fl-c7"/>
      </object_component>
      <object_component id="oc-1f0">
         <name>.debug_line</name>
         <load_address>0x2240</load_address>
         <run_address>0x2240</run_address>
         <size>0x50</size>
         <input_file_ref idref="fl-c8"/>
      </object_component>
      <object_component id="oc-93">
         <name>.debug_line</name>
         <load_address>0x2290</load_address>
         <run_address>0x2290</run_address>
         <size>0x79</size>
         <input_file_ref idref="fl-c9"/>
      </object_component>
      <object_component id="oc-1cf">
         <name>.debug_line</name>
         <load_address>0x2309</load_address>
         <run_address>0x2309</run_address>
         <size>0x81</size>
         <input_file_ref idref="fl-ca"/>
      </object_component>
      <object_component id="oc-1b2">
         <name>.debug_line</name>
         <load_address>0x238a</load_address>
         <run_address>0x238a</run_address>
         <size>0xbf</size>
         <input_file_ref idref="fl-cb"/>
      </object_component>
      <object_component id="oc-da">
         <name>.debug_line</name>
         <load_address>0x2449</load_address>
         <run_address>0x2449</run_address>
         <size>0x6f</size>
         <input_file_ref idref="fl-cb"/>
      </object_component>
      <object_component id="oc-1b6">
         <name>.debug_line</name>
         <load_address>0x24b8</load_address>
         <run_address>0x24b8</run_address>
         <size>0x2e</size>
         <input_file_ref idref="fl-cb"/>
      </object_component>
      <object_component id="oc-244">
         <name>.debug_line</name>
         <load_address>0x24e6</load_address>
         <run_address>0x24e6</run_address>
         <size>0x9a</size>
         <input_file_ref idref="fl-cb"/>
      </object_component>
      <object_component id="oc-1bb">
         <name>.debug_line</name>
         <load_address>0x2580</load_address>
         <run_address>0x2580</run_address>
         <size>0x97</size>
         <input_file_ref idref="fl-cb"/>
      </object_component>
      <object_component id="oc-1c0">
         <name>.debug_line</name>
         <load_address>0x2617</load_address>
         <run_address>0x2617</run_address>
         <size>0x93</size>
         <input_file_ref idref="fl-cb"/>
      </object_component>
      <object_component id="oc-99">
         <name>.debug_line</name>
         <load_address>0x26aa</load_address>
         <run_address>0x26aa</run_address>
         <size>0x40</size>
         <input_file_ref idref="fl-cc"/>
      </object_component>
      <object_component id="oc-cb">
         <name>.debug_line</name>
         <load_address>0x26ea</load_address>
         <run_address>0x26ea</run_address>
         <size>0x3c</size>
         <input_file_ref idref="fl-ce"/>
      </object_component>
      <object_component id="oc-28d">
         <name>.debug_line</name>
         <load_address>0x2726</load_address>
         <run_address>0x2726</run_address>
         <size>0x20</size>
         <input_file_ref idref="fl-d0"/>
      </object_component>
      <object_component id="oc-1ea">
         <name>.debug_line</name>
         <load_address>0x2746</load_address>
         <run_address>0x2746</run_address>
         <size>0x67</size>
         <input_file_ref idref="fl-d0"/>
      </object_component>
      <object_component id="oc-253">
         <name>.debug_line</name>
         <load_address>0x27ad</load_address>
         <run_address>0x27ad</run_address>
         <size>0x91</size>
         <input_file_ref idref="fl-d2"/>
      </object_component>
      <object_component id="oc-158">
         <name>.debug_line</name>
         <load_address>0x283e</load_address>
         <run_address>0x283e</run_address>
         <size>0x62</size>
         <input_file_ref idref="fl-d2"/>
      </object_component>
      <object_component id="oc-28a">
         <name>.debug_line</name>
         <load_address>0x28a0</load_address>
         <run_address>0x28a0</run_address>
         <size>0x20</size>
         <input_file_ref idref="fl-d3"/>
      </object_component>
      <object_component id="oc-250">
         <name>.debug_line</name>
         <load_address>0x28c0</load_address>
         <run_address>0x28c0</run_address>
         <size>0x2b</size>
         <input_file_ref idref="fl-d3"/>
      </object_component>
      <object_component id="oc-278">
         <name>.debug_line</name>
         <load_address>0x28eb</load_address>
         <run_address>0x28eb</run_address>
         <size>0x20</size>
         <input_file_ref idref="fl-d4"/>
      </object_component>
      <object_component id="oc-180">
         <name>.debug_line</name>
         <load_address>0x290b</load_address>
         <run_address>0x290b</run_address>
         <size>0x48</size>
         <input_file_ref idref="fl-d4"/>
      </object_component>
      <object_component id="oc-299">
         <name>.debug_line</name>
         <load_address>0x2953</load_address>
         <run_address>0x2953</run_address>
         <size>0x20</size>
         <input_file_ref idref="fl-d5"/>
      </object_component>
      <object_component id="oc-221">
         <name>.debug_line</name>
         <load_address>0x2973</load_address>
         <run_address>0x2973</run_address>
         <size>0xb0</size>
         <input_file_ref idref="fl-d5"/>
      </object_component>
      <object_component id="oc-24e">
         <name>.debug_line</name>
         <load_address>0x2a23</load_address>
         <run_address>0x2a23</run_address>
         <size>0x20</size>
         <input_file_ref idref="fl-d6"/>
      </object_component>
      <object_component id="oc-151">
         <name>.debug_line</name>
         <load_address>0x2a43</load_address>
         <run_address>0x2a43</run_address>
         <size>0xae</size>
         <input_file_ref idref="fl-d6"/>
      </object_component>
      <object_component id="oc-283">
         <name>.debug_line</name>
         <load_address>0x2af1</load_address>
         <run_address>0x2af1</run_address>
         <size>0x20</size>
         <input_file_ref idref="fl-d7"/>
      </object_component>
      <object_component id="oc-281">
         <name>.debug_line</name>
         <load_address>0x2b11</load_address>
         <run_address>0x2b11</run_address>
         <size>0x2b</size>
         <input_file_ref idref="fl-d7"/>
      </object_component>
      <object_component id="oc-18d">
         <name>.debug_line</name>
         <load_address>0x2b3c</load_address>
         <run_address>0x2b3c</run_address>
         <size>0x40</size>
         <input_file_ref idref="fl-d7"/>
      </object_component>
      <object_component id="oc-27f">
         <name>.debug_line</name>
         <load_address>0x2b7c</load_address>
         <run_address>0x2b7c</run_address>
         <size>0x20</size>
         <input_file_ref idref="fl-d8"/>
      </object_component>
      <object_component id="oc-186">
         <name>.debug_line</name>
         <load_address>0x2b9c</load_address>
         <run_address>0x2b9c</run_address>
         <size>0x45</size>
         <input_file_ref idref="fl-d8"/>
      </object_component>
      <object_component id="oc-27c">
         <name>.debug_line</name>
         <load_address>0x2be1</load_address>
         <run_address>0x2be1</run_address>
         <size>0x9a</size>
         <input_file_ref idref="fl-d8"/>
      </object_component>
      <object_component id="oc-22a">
         <name>.debug_line</name>
         <load_address>0x2c7b</load_address>
         <run_address>0x2c7b</run_address>
         <size>0x91</size>
         <input_file_ref idref="fl-d8"/>
      </object_component>
      <object_component id="oc-28f">
         <name>.debug_line</name>
         <load_address>0x2d0c</load_address>
         <run_address>0x2d0c</run_address>
         <size>0x20</size>
         <input_file_ref idref="fl-d9"/>
      </object_component>
      <object_component id="oc-215">
         <name>.debug_line</name>
         <load_address>0x2d2c</load_address>
         <run_address>0x2d2c</run_address>
         <size>0x5e</size>
         <input_file_ref idref="fl-d9"/>
      </object_component>
      <object_component id="oc-293">
         <name>.debug_line</name>
         <load_address>0x2d8a</load_address>
         <run_address>0x2d8a</run_address>
         <size>0x9a</size>
         <input_file_ref idref="fl-d9"/>
      </object_component>
      <object_component id="oc-26b">
         <name>.debug_line</name>
         <load_address>0x2e24</load_address>
         <run_address>0x2e24</run_address>
         <size>0x97</size>
         <input_file_ref idref="fl-d9"/>
      </object_component>
      <object_component id="oc-297">
         <name>.debug_line</name>
         <load_address>0x2ebb</load_address>
         <run_address>0x2ebb</run_address>
         <size>0x9b</size>
         <input_file_ref idref="fl-da"/>
      </object_component>
      <object_component id="oc-21c">
         <name>.debug_line</name>
         <load_address>0x2f56</load_address>
         <run_address>0x2f56</run_address>
         <size>0xa4</size>
         <input_file_ref idref="fl-da"/>
      </object_component>
      <object_component id="oc-256">
         <name>.debug_line</name>
         <load_address>0x2ffa</load_address>
         <run_address>0x2ffa</run_address>
         <size>0x37</size>
         <input_file_ref idref="fl-db"/>
      </object_component>
      <object_component id="oc-26f">
         <name>.debug_line</name>
         <load_address>0x3031</load_address>
         <run_address>0x3031</run_address>
         <size>0x45</size>
         <input_file_ref idref="fl-dc"/>
      </object_component>
      <object_component id="oc-a0">
         <name>.debug_frame</name>
         <load_address>0x0</load_address>
         <run_address>0x0</run_address>
         <size>0xd4</size>
         <input_file_ref idref="fl-1"/>
      </object_component>
      <object_component id="oc-2c">
         <name>.debug_frame</name>
         <load_address>0xd4</load_address>
         <run_address>0xd4</run_address>
         <size>0x90</size>
         <input_file_ref idref="fl-2"/>
      </object_component>
      <object_component id="oc-c8">
         <name>.debug_frame</name>
         <load_address>0x164</load_address>
         <run_address>0x164</run_address>
         <size>0x74</size>
         <input_file_ref idref="fl-bc"/>
      </object_component>
      <object_component id="oc-115">
         <name>.debug_frame</name>
         <load_address>0x1d8</load_address>
         <run_address>0x1d8</run_address>
         <size>0x5c</size>
         <input_file_ref idref="fl-bc"/>
      </object_component>
      <object_component id="oc-117">
         <name>.debug_frame</name>
         <load_address>0x234</load_address>
         <run_address>0x234</run_address>
         <size>0x54</size>
         <input_file_ref idref="fl-bc"/>
      </object_component>
      <object_component id="oc-20">
         <name>.debug_frame</name>
         <load_address>0x288</load_address>
         <run_address>0x288</run_address>
         <size>0x54</size>
         <input_file_ref idref="fl-bf"/>
      </object_component>
      <object_component id="oc-1a">
         <name>.debug_frame</name>
         <load_address>0x2dc</load_address>
         <run_address>0x2dc</run_address>
         <size>0x60</size>
         <input_file_ref idref="fl-c0"/>
      </object_component>
      <object_component id="oc-5e">
         <name>.debug_frame</name>
         <load_address>0x33c</load_address>
         <run_address>0x33c</run_address>
         <size>0x50</size>
         <input_file_ref idref="fl-c1"/>
      </object_component>
      <object_component id="oc-15e">
         <name>.debug_frame</name>
         <load_address>0x38c</load_address>
         <run_address>0x38c</run_address>
         <size>0x64</size>
         <input_file_ref idref="fl-c2"/>
      </object_component>
      <object_component id="oc-1fb">
         <name>.debug_frame</name>
         <load_address>0x3f0</load_address>
         <run_address>0x3f0</run_address>
         <size>0x60</size>
         <input_file_ref idref="fl-c2"/>
      </object_component>
      <object_component id="oc-201">
         <name>.debug_frame</name>
         <load_address>0x450</load_address>
         <run_address>0x450</run_address>
         <size>0x64</size>
         <input_file_ref idref="fl-c2"/>
      </object_component>
      <object_component id="oc-169">
         <name>.debug_frame</name>
         <load_address>0x4b4</load_address>
         <run_address>0x4b4</run_address>
         <size>0x70</size>
         <input_file_ref idref="fl-c2"/>
      </object_component>
      <object_component id="oc-208">
         <name>.debug_frame</name>
         <load_address>0x524</load_address>
         <run_address>0x524</run_address>
         <size>0x6c</size>
         <input_file_ref idref="fl-c2"/>
      </object_component>
      <object_component id="oc-20e">
         <name>.debug_frame</name>
         <load_address>0x590</load_address>
         <run_address>0x590</run_address>
         <size>0x60</size>
         <input_file_ref idref="fl-c2"/>
      </object_component>
      <object_component id="oc-16f">
         <name>.debug_frame</name>
         <load_address>0x5f0</load_address>
         <run_address>0x5f0</run_address>
         <size>0x6c</size>
         <input_file_ref idref="fl-c2"/>
      </object_component>
      <object_component id="oc-175">
         <name>.debug_frame</name>
         <load_address>0x65c</load_address>
         <run_address>0x65c</run_address>
         <size>0x70</size>
         <input_file_ref idref="fl-c2"/>
      </object_component>
      <object_component id="oc-17b">
         <name>.debug_frame</name>
         <load_address>0x6cc</load_address>
         <run_address>0x6cc</run_address>
         <size>0x70</size>
         <input_file_ref idref="fl-c2"/>
      </object_component>
      <object_component id="oc-10f">
         <name>.debug_frame</name>
         <load_address>0x73c</load_address>
         <run_address>0x73c</run_address>
         <size>0x78</size>
         <input_file_ref idref="fl-c2"/>
      </object_component>
      <object_component id="oc-db">
         <name>.debug_frame</name>
         <load_address>0x7b4</load_address>
         <run_address>0x7b4</run_address>
         <size>0x5c</size>
         <input_file_ref idref="fl-cb"/>
      </object_component>
      <object_component id="oc-9a">
         <name>.debug_frame</name>
         <load_address>0x810</load_address>
         <run_address>0x810</run_address>
         <size>0x54</size>
         <input_file_ref idref="fl-cc"/>
      </object_component>
      <object_component id="oc-cf">
         <name>.debug_frame</name>
         <load_address>0x864</load_address>
         <run_address>0x864</run_address>
         <size>0x54</size>
         <input_file_ref idref="fl-ce"/>
      </object_component>
      <object_component id="oc-1eb">
         <name>.debug_frame</name>
         <load_address>0x8b8</load_address>
         <run_address>0x8b8</run_address>
         <size>0x60</size>
         <input_file_ref idref="fl-d0"/>
      </object_component>
      <object_component id="oc-154">
         <name>.debug_frame</name>
         <load_address>0x918</load_address>
         <run_address>0x918</run_address>
         <size>0x5c</size>
         <input_file_ref idref="fl-d2"/>
      </object_component>
      <object_component id="oc-181">
         <name>.debug_frame</name>
         <load_address>0x974</load_address>
         <run_address>0x974</run_address>
         <size>0x58</size>
         <input_file_ref idref="fl-d4"/>
      </object_component>
      <object_component id="oc-222">
         <name>.debug_frame</name>
         <load_address>0x9cc</load_address>
         <run_address>0x9cc</run_address>
         <size>0x54</size>
         <input_file_ref idref="fl-d5"/>
      </object_component>
      <object_component id="oc-152">
         <name>.debug_frame</name>
         <load_address>0xa20</load_address>
         <run_address>0xa20</run_address>
         <size>0x54</size>
         <input_file_ref idref="fl-d6"/>
      </object_component>
      <object_component id="oc-189">
         <name>.debug_frame</name>
         <load_address>0xa74</load_address>
         <run_address>0xa74</run_address>
         <size>0x54</size>
         <input_file_ref idref="fl-d7"/>
      </object_component>
      <object_component id="oc-187">
         <name>.debug_frame</name>
         <load_address>0xac8</load_address>
         <run_address>0xac8</run_address>
         <size>0x54</size>
         <input_file_ref idref="fl-d8"/>
      </object_component>
      <object_component id="oc-216">
         <name>.debug_frame</name>
         <load_address>0xb1c</load_address>
         <run_address>0xb1c</run_address>
         <size>0x5c</size>
         <input_file_ref idref="fl-d9"/>
      </object_component>
      <object_component id="oc-218">
         <name>.debug_frame</name>
         <load_address>0xb78</load_address>
         <run_address>0xb78</run_address>
         <size>0x64</size>
         <input_file_ref idref="fl-da"/>
      </object_component>
      <object_component id="oc-26e">
         <name>.debug_frame</name>
         <load_address>0xbdc</load_address>
         <run_address>0xbdc</run_address>
         <size>0x54</size>
         <input_file_ref idref="fl-dc"/>
      </object_component>
      <object_component id="oc-108">
         <name>.debug_abbrev</name>
         <load_address>0x0</load_address>
         <run_address>0x0</run_address>
         <size>0x51</size>
         <input_file_ref idref="fl-1"/>
      </object_component>
      <object_component id="oc-c9">
         <name>.debug_abbrev</name>
         <load_address>0x51</load_address>
         <run_address>0x51</run_address>
         <size>0xb4</size>
         <input_file_ref idref="fl-1"/>
      </object_component>
      <object_component id="oc-72">
         <name>.debug_abbrev</name>
         <load_address>0x105</load_address>
         <run_address>0x105</run_address>
         <size>0x69</size>
         <input_file_ref idref="fl-1"/>
      </object_component>
      <object_component id="oc-38">
         <name>.debug_abbrev</name>
         <load_address>0x16e</load_address>
         <run_address>0x16e</run_address>
         <size>0x1f</size>
         <input_file_ref idref="fl-1"/>
      </object_component>
      <object_component id="oc-af">
         <name>.debug_abbrev</name>
         <load_address>0x18d</load_address>
         <run_address>0x18d</run_address>
         <size>0x5c</size>
         <input_file_ref idref="fl-1"/>
      </object_component>
      <object_component id="oc-77">
         <name>.debug_abbrev</name>
         <load_address>0x1e9</load_address>
         <run_address>0x1e9</run_address>
         <size>0x24</size>
         <input_file_ref idref="fl-1"/>
      </object_component>
      <object_component id="oc-6e">
         <name>.debug_abbrev</name>
         <load_address>0x20d</load_address>
         <run_address>0x20d</run_address>
         <size>0x68</size>
         <input_file_ref idref="fl-2"/>
      </object_component>
      <object_component id="oc-2d">
         <name>.debug_abbrev</name>
         <load_address>0x275</load_address>
         <run_address>0x275</run_address>
         <size>0x29</size>
         <input_file_ref idref="fl-2"/>
      </object_component>
      <object_component id="oc-6d">
         <name>.debug_abbrev</name>
         <load_address>0x29e</load_address>
         <run_address>0x29e</run_address>
         <size>0x79</size>
         <input_file_ref idref="fl-2"/>
      </object_component>
      <object_component id="oc-19c">
         <name>.debug_abbrev</name>
         <load_address>0x317</load_address>
         <run_address>0x317</run_address>
         <size>0x76</size>
         <input_file_ref idref="fl-bc"/>
      </object_component>
      <object_component id="oc-11c">
         <name>.debug_abbrev</name>
         <load_address>0x38d</load_address>
         <run_address>0x38d</run_address>
         <size>0x84</size>
         <input_file_ref idref="fl-bc"/>
      </object_component>
      <object_component id="oc-19a">
         <name>.debug_abbrev</name>
         <load_address>0x411</load_address>
         <run_address>0x411</run_address>
         <size>0x7d</size>
         <input_file_ref idref="fl-bc"/>
      </object_component>
      <object_component id="oc-19b">
         <name>.debug_abbrev</name>
         <load_address>0x48e</load_address>
         <run_address>0x48e</run_address>
         <size>0x6f</size>
         <input_file_ref idref="fl-bc"/>
      </object_component>
      <object_component id="oc-120">
         <name>.debug_abbrev</name>
         <load_address>0x4fd</load_address>
         <run_address>0x4fd</run_address>
         <size>0x24</size>
         <input_file_ref idref="fl-bc"/>
      </object_component>
      <object_component id="oc-1a0">
         <name>.debug_abbrev</name>
         <load_address>0x521</load_address>
         <run_address>0x521</run_address>
         <size>0x4b</size>
         <input_file_ref idref="fl-bc"/>
      </object_component>
      <object_component id="oc-12a">
         <name>.debug_abbrev</name>
         <load_address>0x56c</load_address>
         <run_address>0x56c</run_address>
         <size>0x24</size>
         <input_file_ref idref="fl-bc"/>
      </object_component>
      <object_component id="oc-125">
         <name>.debug_abbrev</name>
         <load_address>0x590</load_address>
         <run_address>0x590</run_address>
         <size>0x3a</size>
[...]
            <object_component_ref idref="oc-21a"/>
            <object_component_ref idref="oc-255"/>
            <object_component_ref idref="oc-271"/>
         </contents>
      </logical_group>
      <logical_group id="lg-2b7" display="never" color="cyan">
         <name>.debug_pubnames</name>
         <load_address>0x0</load_address>
         <run_address>0x0</run_address>
         <size>0x682</size>
         <contents>
            <object_component_ref idref="oc-9e"/>
            <object_component_ref idref="oc-14"/>
            <object_component_ref idref="oc-2a"/>
            <object_component_ref idref="oc-c7"/>
            <object_component_ref idref="oc-113"/>
            <object_component_ref idref="oc-11a"/>
            <object_component_ref idref="oc-3f"/>
            <object_component_ref idref="oc-1e"/>
            <object_component_ref idref="oc-18"/>
            <object_component_ref idref="oc-26"/>
            <object_component_ref idref="oc-5d"/>
            <object_component_ref idref="oc-15c"/>
            <object_component_ref idref="oc-1f9"/>
            <object_component_ref idref="oc-1ff"/>
            <object_component_ref idref="oc-167"/>
            <object_component_ref idref="oc-206"/>
            <object_component_ref idref="oc-20c"/>
            <object_component_ref idref="oc-16d"/>
            <object_component_ref idref="oc-173"/>
            <object_component_ref idref="oc-179"/>
            <object_component_ref idref="oc-10d"/>
            <object_component_ref idref="oc-1f4"/>
            <object_component_ref idref="oc-162"/>
            <object_component_ref idref="oc-1df"/>
            <object_component_ref idref="oc-1da"/>
            <object_component_ref idref="oc-1d5"/>
            <object_component_ref idref="oc-1e4"/>
            <object_component_ref idref="oc-1ef"/>
            <object_component_ref idref="oc-92"/>
            <object_component_ref idref="oc-1ce"/>
            <object_component_ref idref="oc-d9"/>
            <object_component_ref idref="oc-98"/>
            <object_component_ref idref="oc-ce"/>
            <object_component_ref idref="oc-1e9"/>
            <object_component_ref idref="oc-157"/>
            <object_component_ref idref="oc-1c8"/>
            <object_component_ref idref="oc-17f"/>
            <object_component_ref idref="oc-220"/>
            <object_component_ref idref="oc-150"/>
            <object_component_ref idref="oc-22f"/>
            <object_component_ref idref="oc-18c"/>
            <object_component_ref idref="oc-185"/>
            <object_component_ref idref="oc-214"/>
            <object_component_ref idref="oc-21b"/>
            <object_component_ref idref="oc-258"/>
            <object_component_ref idref="oc-272"/>
         </contents>
      </logical_group>
      <logical_group id="lg-2b9" display="never" color="cyan">
         <name>.debug_pubtypes</name>
         <load_address>0x0</load_address>
         <run_address>0x0</run_address>
         <size>0xbfc</size>
         <contents>
            <object_component_ref idref="oc-71"/>
            <object_component_ref idref="oc-37"/>
            <object_component_ref idref="oc-ae"/>
            <object_component_ref idref="oc-76"/>
            <object_component_ref idref="oc-11f"/>
            <object_component_ref idref="oc-19f"/>
            <object_component_ref idref="oc-129"/>
            <object_component_ref idref="oc-124"/>
            <object_component_ref idref="oc-bb"/>
            <object_component_ref idref="oc-42"/>
            <object_component_ref idref="oc-82"/>
            <object_component_ref idref="oc-32"/>
            <object_component_ref idref="oc-b4"/>
            <object_component_ref idref="oc-7b"/>
            <object_component_ref idref="oc-191"/>
            <object_component_ref idref="oc-235"/>
            <object_component_ref idref="oc-285"/>
            <object_component_ref idref="oc-23a"/>
            <object_component_ref idref="oc-196"/>
            <object_component_ref idref="oc-1b4"/>
            <object_component_ref idref="oc-242"/>
            <object_component_ref idref="oc-1b9"/>
            <object_component_ref idref="oc-1be"/>
            <object_component_ref idref="oc-27a"/>
            <object_component_ref idref="oc-228"/>
            <object_component_ref idref="oc-291"/>
            <object_component_ref idref="oc-269"/>
         </contents>
      </logical_group>
      <logical_group id="lg-2c6" display="no" color="cyan">
         <name>Veneer$$CMSE</name>
         <run_address>0x0</run_address>
         <size>0x0</size>
         <contents>
         </contents>
      </logical_group>
      <load_segment id="lg-2d0" display="no" color="cyan">
         <name>SEGMENT_0</name>
         <load_address>0x0</load_address>
         <run_address>0x0</run_address>
         <size>0x2358</size>
         <flags>0x5</flags>
         <contents>
            <logical_group_ref idref="lg-3"/>
            <logical_group_ref idref="lg-4"/>
            <logical_group_ref idref="lg-5"/>
            <logical_group_ref idref="lg-6"/>
         </contents>
      </load_segment>
      <load_segment id="lg-2d1" display="no" color="cyan">
         <name>SEGMENT_1</name>
         <run_address>0x20000000</run_address>
         <size>0x204</size>
         <flags>0x6</flags>
         <contents>
            <logical_group_ref idref="lg-d"/>
            <logical_group_ref idref="lg-a"/>
         </contents>
      </load_segment>
   </logical_group_list>
   <placement_map>
      <memory_area display="yes" color="green">
         <name>FLASH</name>
         <page_id>0x0</page_id>
         <origin>0x0</origin>
         <length>0x40000</length>
         <used_space>0x2351</used_space>
         <unused_space>0x3dcaf</unused_space>
         <attributes>RX</attributes>
         <usage_details>
            <allocated_space>
               <start_address>0x0</start_address>
               <size>0x26c</size>
               <logical_group_ref idref="lg-3"/>
            </allocated_space>
            <allocated_space>
               <start_address>0x26c</start_address>
               <size>0x1fcc</size>
               <logical_group_ref idref="lg-4"/>
            </allocated_space>
            <allocated_space>
               <start_address>0x2238</start_address>
               <size>0x101</size>
               <logical_group_ref idref="lg-5"/>
            </allocated_space>
            <available_space>
               <start_address>0x2339</start_address>
               <size>0x7</size>
            </available_space>
            <allocated_space>
               <start_address>0x2340</start_address>
               <size>0x18</size>
               <logical_group_ref idref="lg-6"/>
            </allocated_space>
            <available_space>
               <start_address>0x2358</start_address>
               <size>0x3dca8</size>
            </available_space>
         </usage_details>
      </memory_area>
      <memory_area display="yes" color="green">
         <name>SRAM</name>
         <page_id>0x0</page_id>
         <origin>0x20000000</origin>
         <length>0x8000</length>
         <used_space>0x204</used_space>
         <unused_space>0x7dfc</unused_space>
         <attributes>RWX</attributes>
         <usage_details>
            <allocated_space>
               <start_address>0x20000000</start_address>
               <size>0x0</size>
               <logical_group_ref idref="lg-29c"/>
            </allocated_space>
            <allocated_space>
               <start_address>0x20000000</start_address>
               <size>0x200</size>
               <logical_group_ref idref="lg-d"/>
            </allocated_space>
            <allocated_space>
               <start_address>0x20000200</start_address>
               <size>0x4</size>
               <logical_group_ref idref="lg-a"/>
            </allocated_space>
            <available_space>
               <start_address>0x20000204</start_address>
               <size>0x7dfc</size>
            </available_space>
         </usage_details>
      </memory_area>
   </placement_map>
   <cptbl_list>
      <cptbl>
         <name>__TI_cinit_table</name>
         <cprec>
            <name>.data</name>
            <load_address>0x2348</load_address>
            <load_size>0x7</load_size>
            <run_address>0x20000200</run_address>
            <run_size>0x4</run_size>
            <compression>lzss</compression>
         </cprec>
      </cptbl>
   </cptbl_list>
   <handler_table>
      <handler_table_name>__TI_handler_table</handler_table_name>
      <handler>
         <index>0x0</index>
         <name>__TI_decompress_lzss</name>
      </handler>
      <handler>
         <index>0x1</index>
         <name>__TI_decompress_none</name>
      </handler>
   </handler_table>
   <symbol_table>
      <symbol id="sm-1">
         <name>__STACK_TOP</name>
         <value>0x20000200</value>
      </symbol>
      <symbol id="sm-2">
         <name>__start___llvm_prf_cnts</name>
         <value>0x20000000</value>
      </symbol>
      <symbol id="sm-3">
         <name>__stop___llvm_prf_cnts</name>
         <value>0x20000000</value>
      </symbol>
      <symbol id="sm-4">
         <name>__TI_CINIT_Base</name>
         <value>0x2350</value>
      </symbol>
      <symbol id="sm-5">
         <name>__TI_CINIT_Limit</name>
         <value>0x2358</value>
      </symbol>
      <symbol id="sm-6">
         <name>__TI_Handler_Table_Base</name>
         <value>0x2340</value>
      </symbol>
      <symbol id="sm-7">
         <name>__TI_Handler_Table_Limit</name>
         <value>0x2348</value>
      </symbol>
      <symbol id="sm-8">
         <name>binit</name>
         <value>0xffffffff</value>
      </symbol>
      <symbol id="sm-9">
         <name>__binit__</name>
         <value>0xffffffff</value>
      </symbol>
      <symbol id="sm-a">
         <name>__STACK_SIZE</name>
         <value>0x200</value>
      </symbol>
      <symbol id="sm-b">
         <name>__STACK_END</name>
         <value>0x20000200</value>
      </symbol>
      <symbol id="sm-c">
         <name>__c_args__</name>
         <value>0xffffffff</value>
      </symbol>
      <symbol id="sm-d">
         <name>__TI_pprof_out_hndl</name>
         <value>0xffffffff</value>
      </symbol>
      <symbol id="sm-e">
         <name>__TI_prof_data_start</name>
         <value>0xffffffff</value>
      </symbol>
      <symbol id="sm-f">
         <name>__TI_prof_data_size</name>
         <value>0xffffffff</value>
      </symbol>
      <symbol id="sm-68">
         <name>delay_1ms</name>
         <value>0x1399</value>
         <object_component_ref idref="oc-9b"/>
      </symbol>
      <symbol id="sm-69">
         <name>main</name>
         <value>0x12b5</value>
         <object_component_ref idref="oc-9b"/>
      </symbol>
      <symbol id="sm-6a">
         <name>UART0_SendChar</name>
         <value>0x1361</value>
         <object_component_ref idref="oc-9b"/>
      </symbol>
      <symbol id="sm-6b">
         <name>delay_ms</name>
         <value>0x13cd</value>
         <object_component_ref idref="oc-9b"/>
      </symbol>
      <symbol id="sm-6c">
         <name>UART0_Init</name>
         <value>0x1301</value>
         <object_component_ref idref="oc-9b"/>
      </symbol>
      <symbol id="sm-6d">
         <name>UART0_SendString</name>
         <value>0x137d</value>
         <object_component_ref idref="oc-9b"/>
      </symbol>
      <symbol id="sm-89">
         <name>ResetISR</name>
         <value>0x221b</value>
         <object_component_ref idref="oc-27"/>
      </symbol>
      <symbol id="sm-8a">
         <name>g_pfnVectors</name>
         <value>0x0</value>
         <object_component_ref idref="oc-12"/>
      </symbol>
      <symbol id="sm-c3">
         <name>snprintf</name>
         <value>0x1fd9</value>
         <object_component_ref idref="oc-c3"/>
      </symbol>
      <symbol id="sm-de">
         <name>memcpy</name>
         <value>0x1a9f</value>
         <object_component_ref idref="oc-3b"/>
      </symbol>
      <symbol id="sm-df">
         <name>__aeabi_memcpy</name>
         <value>0x1a9f</value>
         <object_component_ref idref="oc-3b"/>
      </symbol>
      <symbol id="sm-e0">
         <name>__aeabi_memcpy8</name>
         <value>0x1a9f</value>
         <object_component_ref idref="oc-3b"/>
      </symbol>
      <symbol id="sm-e1">
         <name>__aeabi_memcpy4</name>
         <value>0x1a9f</value>
         <object_component_ref idref="oc-3b"/>
      </symbol>
      <symbol id="sm-fe">
         <name>__TI_decompress_none</name>
         <value>0x220d</value>
         <object_component_ref idref="oc-1b"/>
      </symbol>
      <symbol id="sm-121">
         <name>__TI_decompress_lzss</name>
         <value>0x1dc5</value>
         <object_component_ref idref="oc-15"/>
      </symbol>
      <symbol id="sm-134">
         <name>__stack</name>
         <value>0x20000000</value>
         <object_component_ref idref="oc-24"/>
      </symbol>
      <symbol id="sm-135">
         <name>_c_int00_noargs</name>
         <value>0x20f1</value>
         <object_component_ref idref="oc-59"/>
      </symbol>
      <symbol id="sm-29a">
         <name>__TI_printfi</name>
         <value>0x26d</value>
         <object_component_ref idref="oc-10a"/>
      </symbol>
      <symbol id="sm-2b1">
         <name>__aeabi_dsub</name>
         <value>0x10fd</value>
         <object_component_ref idref="oc-1f1"/>
      </symbol>
      <symbol id="sm-2b2">
         <name>__aeabi_dadd</name>
         <value>0x1107</value>
         <object_component_ref idref="oc-1f1"/>
      </symbol>
      <symbol id="sm-2d4">
         <name>__aeabi_cdcmpeq</name>
         <value>0x1bd1</value>
         <object_component_ref idref="oc-15f"/>
      </symbol>
      <symbol id="sm-2d5">
         <name>__aeabi_cdcmple</name>
         <value>0x1bd1</value>
         <object_component_ref idref="oc-15f"/>
      </symbol>
      <symbol id="sm-2d6">
         <name>__aeabi_cdrcmple</name>
         <value>0x1c57</value>
         <object_component_ref idref="oc-1dc"/>
      </symbol>
      <symbol id="sm-2ea">
         <name>__aeabi_ddiv</name>
         <value>0x1585</value>
         <object_component_ref idref="oc-1d7"/>
      </symbol>
      <symbol id="sm-2f5">
         <name>__aeabi_dmul</name>
         <value>0x18f1</value>
         <object_component_ref idref="oc-1d2"/>
      </symbol>
      <symbol id="sm-2ff">
         <name>__aeabi_d2iz</name>
         <value>0x2025</value>
         <object_component_ref idref="oc-1e1"/>
      </symbol>
      <symbol id="sm-309">
         <name>__aeabi_i2d</name>
         <value>0x2155</value>
         <object_component_ref idref="oc-1ec"/>
      </symbol>
      <symbol id="sm-318">
         <name>__aeabi_memset</name>
         <value>0x1cdf</value>
         <object_component_ref idref="oc-8f"/>
      </symbol>
      <symbol id="sm-319">
         <name>memset</name>
         <value>0x1ce5</value>
         <object_component_ref idref="oc-8f"/>
      </symbol>
      <symbol id="sm-31a">
         <name>__aeabi_memset8</name>
         <value>0x1cdf</value>
         <object_component_ref idref="oc-8f"/>
      </symbol>
      <symbol id="sm-31b">
         <name>__aeabi_memset4</name>
         <value>0x1cdf</value>
         <object_component_ref idref="oc-8f"/>
      </symbol>
      <symbol id="sm-31c">
         <name>__aeabi_memclr8</name>
         <value>0x1cdd</value>
         <object_component_ref idref="oc-8f"/>
      </symbol>
      <symbol id="sm-31d">
         <name>__aeabi_memclr4</name>
         <value>0x1cdd</value>
         <object_component_ref idref="oc-8f"/>
      </symbol>
      <symbol id="sm-31e">
         <name>__aeabi_memclr</name>
         <value>0x1cdd</value>
         <object_component_ref idref="oc-8f"/>
      </symbol>
      <symbol id="sm-32b">
         <name>__aeabi_uldivmod</name>
         <value>0x1b3b</value>
         <object_component_ref idref="oc-1cb"/>
      </symbol>
      <symbol id="sm-353">
         <name>__TI_auto_init_nobinit_nopinit</name>
         <value>0x206d</value>
         <object_component_ref idref="oc-d6"/>
      </symbol>
      <symbol id="sm-35d">
         <name>_system_pre_init</name>
         <value>0x2231</value>
         <object_component_ref idref="oc-95"/>
      </symbol>
      <symbol id="sm-369">
         <name>C$$EXIT</name>
         <value>0x2235</value>
         <object_component_ref idref="oc-ca"/>
      </symbol>
      <symbol id="sm-36a">
         <name>abort</name>
         <value>0x2235</value>
         <object_component_ref idref="oc-ca"/>
      </symbol>
      <symbol id="sm-37a">
         <name>__TI_ltoa</name>
         <value>0x1ee7</value>
         <object_component_ref idref="oc-1e6"/>
      </symbol>
      <symbol id="sm-391">
         <name>atoi</name>
         <value>0x1f8d</value>
         <object_component_ref idref="oc-153"/>
      </symbol>
      <symbol id="sm-39c">
         <name>_ctypes_</name>
         <value>0x2238</value>
         <object_component_ref idref="oc-1c6"/>
      </symbol>
      <symbol id="sm-3ac">
         <name>memccpy</name>
         <value>0x2183</value>
         <object_component_ref idref="oc-17c"/>
      </symbol>
      <symbol id="sm-3bc">
         <name>strchr</name>
         <value>0x21d1</value>
         <object_component_ref idref="oc-21d"/>
      </symbol>
      <symbol id="sm-3ca">
         <name>strlen</name>
         <value>0x21e7</value>
         <object_component_ref idref="oc-14d"/>
      </symbol>
      <symbol id="sm-3e0">
         <name>__aeabi_errno_addr</name>
         <value>0x2229</value>
         <object_component_ref idref="oc-188"/>
      </symbol>
      <symbol id="sm-3e1">
         <name>errno</name>
         <value>0x20000200</value>
         <object_component_ref idref="oc-22d"/>
      </symbol>
      <symbol id="sm-3fa">
         <name>wcslen</name>
         <value>0x21fb</value>
         <object_component_ref idref="oc-182"/>
      </symbol>
      <symbol id="sm-41a">
         <name>frexpl</name>
         <value>0x1e2d</value>
         <object_component_ref idref="oc-211"/>
      </symbol>
      <symbol id="sm-41b">
         <name>frexp</name>
         <value>0x1e2d</value>
         <object_component_ref idref="oc-211"/>
      </symbol>
      <symbol id="sm-438">
         <name>scalbn</name>
         <value>0x17e1</value>
         <object_component_ref idref="oc-217"/>
      </symbol>
      <symbol id="sm-439">
         <name>scalbnl</name>
         <value>0x17e1</value>
         <object_component_ref idref="oc-217"/>
      </symbol>
      <symbol id="sm-43a">
         <name>ldexpl</name>
         <value>0x17e1</value>
         <object_component_ref idref="oc-217"/>
      </symbol>
      <symbol id="sm-43b">
         <name>ldexp</name>
         <value>0x17e1</value>
         <object_component_ref idref="oc-217"/>
      </symbol>
      <symbol id="sm-445">
         <name>__aeabi_idiv0</name>
         <value>0xcbb</value>
         <object_component_ref idref="oc-254"/>
      </symbol>
      <symbol id="sm-446">
         <name>__aeabi_ldiv0</name>
         <value>0xcbb</value>
         <object_component_ref idref="oc-254"/>
      </symbol>
      <symbol id="sm-450">
         <name>copysign</name>
         <value>0x219f</value>
         <object_component_ref idref="oc-26d"/>
      </symbol>
      <symbol id="sm-451">
         <name>copysignl</name>
         <value>0x219f</value>
         <object_component_ref idref="oc-26d"/>
      </symbol>
      <symbol id="sm-452">
         <name>__TI_static_base__</name>
         <value>0x0</value>
      </symbol>
      <symbol id="sm-455">
         <name>__mpu_init</name>
         <value>0x0</value>
      </symbol>
      <symbol id="sm-456">
         <name>_system_post_cinit</name>
         <value>0x0</value>
      </symbol>
   </symbol_table>
   <title>Link successful</title>
</link_info>
