******************************************************************************
                  TI ARM Linker Unix v20.2.7                   
******************************************************************************
>> Linked Sat Apr 15 15:32:27 2023

OUTPUT FILE NAME:   <11 LCD display and Touch.out>
ENTRY POINT SYMBOL: "_c_int00_noargs"  address: 000008bd


MEMORY CONFIGURATION

         name            origin    length      used     unused   attr    fill
----------------------  --------  ---------  --------  --------  ----  --------
  FLASH                 00000000   00040000  00000934  0003f6cc  R  X
  SRAM                  20000000   00008000  00000204  00007dfc  RW X


SEGMENT ALLOCATION MAP

run origin  load origin   length   init length attrs members
----------  ----------- ---------- ----------- ----- -------
00000000    00000000    00000934   00000934    r-x
  00000000    00000000    0000026c   0000026c    r-- .intvecs
  0000026c    0000026c    000006b4   000006b4    r-x .text
  00000920    00000920    00000014   00000014    r-- .cinit
20000000    20000000    00000204   00000000    rw-
  20000000    20000000    00000200   00000000    rw- .stack
  20000200    20000200    00000004   00000000    rw- .bss


SECTION ALLOCATION MAP

 output                                  attributes/
section   page    origin      length       input sections
--------  ----  ----------  ----------   ----------------
.intvecs   0    00000000    0000026c     
                  00000000    0000026c     tm4c123gh6pm_startup_ccs.obj (.intvecs)

.text      0    0000026c    000006b4     
                  0000026c    0000060c     main.obj (.text)
                  00000878    00000044     rtsv7M4_T_le_v4SPD16_eabi.lib : autoinit.c.obj (.text:__TI_auto_init_nobinit_nopinit:__TI_auto_init_nobinit_nopinit)
                  000008bc    00000034                                   : boot_cortex_m.c.obj (.text:_c_int00_noargs:_c_int00_noargs)
                  000008f0    0000001c                                   : copy_zero_init.c.obj (.text:decompress:ZI:__TI_zero_init_nomemset:__TI_zero_init_nomemset)
                  0000090c    0000000c     tm4c123gh6pm_startup_ccs.obj (.text)
                  00000918    00000004     rtsv7M4_T_le_v4SPD16_eabi.lib : pre_init.c.obj (.text:_system_pre_init)
                  0000091c    00000004                                   : exit.c.obj (.text:abort:abort)

.cinit     0    00000920    00000014     
                  00000920    00000008     (.cinit..bss.load) [load image, compression = zero_init]
                  00000928    00000004     (__TI_handler_table)
                  0000092c    00000008     (__TI_cinit_table)

.init_array 
*          0    00000000    00000000     UNINITIALIZED

.bss       0    20000200    00000004     UNINITIALIZED
                  20000200    00000004     (.common:i)

.stack     0    20000000    00000200     UNINITIALIZED
                  20000000    00000004     rtsv7M4_T_le_v4SPD16_eabi.lib : boot_cortex_m.c.obj (.stack)
                  20000004    000001fc     --HOLE--

__llvm_prf_cnts 
*          0    20000000    00000000     UNINITIALIZED

MODULE SUMMARY

       Module                         code   ro data   rw data
       ------                         ----   -------   -------
    ./
       main.obj                       1548   0         4      
       tm4c123gh6pm_startup_ccs.obj   12     620       0      
    +--+------------------------------+------+---------+---------+
       Total:                         1560   620       4      
                                                              
    /Applications/ti/ccs1220/ccs/tools/compiler/ti-cgt-arm_20.2.7.LTS/lib/rtsv7M4_T_le_v4SPD16_eabi.lib
       autoinit.c.obj                 68     0         0      
       boot_cortex_m.c.obj            52     0         0      
       copy_zero_init.c.obj           28     0         0      
       exit.c.obj                     4      0         0      
       pre_init.c.obj                 4      0         0      
    +--+------------------------------+------+---------+---------+
       Total:                         156    0         0      
                                                              
       Stack:                         0      0         512    
       Linker Generated:              0      20        0      
    +--+------------------------------+------+---------+---------+
       Grand Total:                   1716   640       516    


LINKER GENERATED COPY TABLES

__TI_cinit_table @ 0000092c records: 1, size/record: 8, table size: 8
	.bss: load addr=00000920, load size=00000008 bytes, run addr=20000200, run size=00000004 bytes, compression=zero_init


LINKER GENERATED HANDLER TABLE

__TI_handler_table @ 00000928 records: 1, size/record: 4, table size: 4
	index: 0, handler: __TI_zero_init


GLOBAL SYMBOLS: SORTED ALPHABETICALLY BY Name 

address   name                          
-------   ----                          
000006f5  Address_set                   
0000091d  C$$EXIT                       
00000485  ILI9341_init                  
000007f9  LCD_write                     
0000033f  PLL_Init                      
0000039b  PortA_Init                    
000003e1  PortB_Init                    
0000090d  ResetISR                      
20000200  __STACK_END                   
00000200  __STACK_SIZE                  
20000200  __STACK_TOP                   
0000092c  __TI_CINIT_Base               
00000934  __TI_CINIT_Limit              
00000928  __TI_Handler_Table_Base       
0000092c  __TI_Handler_Table_Limit      
00000879  __TI_auto_init_nobinit_nopinit
ffffffff  __TI_pprof_out_hndl           
ffffffff  __TI_prof_data_size           
ffffffff  __TI_prof_data_start          
00000000  __TI_static_base__            
000008f1  __TI_zero_init_nomemset       
ffffffff  __binit__                     
ffffffff  __c_args__                    
UNDEFED   __mpu_init                    
20000000  __stack                       
20000000  __start___llvm_prf_cnts       
20000000  __stop___llvm_prf_cnts        
000008bd  _c_int00_noargs               
UNDEFED   _system_post_cinit            
00000919  _system_pre_init              
0000091d  abort                         
ffffffff  binit                         
00000427  delay_1ms                     
0000045b  delay_ms                      
00000821  drawPixel                     
00000000  g_pfnVectors                  
20000200  i                             
0000026d  main                          
00000795  writeCommand                  
000007c1  writeData                     


GLOBAL SYMBOLS: SORTED BY Symbol Address 

address   name                          
-------   ----                          
00000000  __TI_static_base__            
00000000  g_pfnVectors                  
00000200  __STACK_SIZE                  
0000026d  main                          
0000033f  PLL_Init                      
0000039b  PortA_Init                    
000003e1  PortB_Init                    
00000427  delay_1ms                     
0000045b  delay_ms                      
00000485  ILI9341_init                  
000006f5  Address_set                   
00000795  writeCommand                  
000007c1  writeData                     
000007f9  LCD_write                     
00000821  drawPixel                     
00000879  __TI_auto_init_nobinit_nopinit
000008bd  _c_int00_noargs               
000008f1  __TI_zero_init_nomemset       
0000090d  ResetISR                      
00000919  _system_pre_init              
0000091d  C$$EXIT                       
0000091d  abort                         
00000928  __TI_Handler_Table_Base       
0000092c  __TI_CINIT_Base               
0000092c  __TI_Handler_Table_Limit      
00000934  __TI_CINIT_Limit              
20000000  __stack                       
20000000  __start___llvm_prf_cnts       
20000000  __stop___llvm_prf_cnts        
20000200  __STACK_END                   
20000200  __STACK_TOP                   
20000200  i                             
ffffffff  __TI_pprof_out_hndl           
ffffffff  __TI_prof_data_size           
ffffffff  __TI_prof_data_start          
ffffffff  __binit__                     
ffffffff  __c_args__                    
ffffffff  binit                         
UNDEFED   __mpu_init                    
UNDEFED   _system_post_cinit            

[40 symbols]
