******************************************************************************
                  TI ARM Linker Unix v20.2.7                   
******************************************************************************
>> Linked Tue May 16 18:19:29 2023

OUTPUT FILE NAME:   <06 SysTick Timer 80hz.out>
ENTRY POINT SYMBOL: "_c_int00_noargs"  address: 0000044d


MEMORY CONFIGURATION

         name            origin    length      used     unused   attr    fill
----------------------  --------  ---------  --------  --------  ----  --------
  FLASH                 00000000   00040000  000004c4  0003fb3c  R  X
  SRAM                  20000000   00008000  00000204  00007dfc  RW X


SEGMENT ALLOCATION MAP

run origin  load origin   length   init length attrs members
----------  ----------- ---------- ----------- ----- -------
00000000    00000000    000004c4   000004c4    r-x
  00000000    00000000    0000026c   0000026c    r-- .intvecs
  0000026c    0000026c    00000244   00000244    r-x .text
  000004b0    000004b0    00000014   00000014    r-- .cinit
20000000    20000000    00000204   00000000    rw-
  20000000    20000000    00000200   00000000    rw- .stack
  20000200    20000200    00000004   00000000    rw- .bss


SECTION ALLOCATION MAP

 output                                  attributes/
section   page    origin      length       input sections
--------  ----  ----------  ----------   ----------------
.intvecs   0    00000000    0000026c     
                  00000000    0000026c     tm4c123gh6pm_startup_ccs.obj (.intvecs)

.text      0    0000026c    00000244     
                  0000026c    0000019c     main.obj (.text)
                  00000408    00000044     rtsv7M4_T_le_v4SPD16_eabi.lib : autoinit.c.obj (.text:__TI_auto_init_nobinit_nopinit:__TI_auto_init_nobinit_nopinit)
                  0000044c    00000034                                   : boot_cortex_m.c.obj (.text:_c_int00_noargs:_c_int00_noargs)
                  00000480    0000001c                                   : copy_zero_init.c.obj (.text:decompress:ZI:__TI_zero_init_nomemset:__TI_zero_init_nomemset)
                  0000049c    0000000c     tm4c123gh6pm_startup_ccs.obj (.text)
                  000004a8    00000004     rtsv7M4_T_le_v4SPD16_eabi.lib : pre_init.c.obj (.text:_system_pre_init)
                  000004ac    00000004                                   : exit.c.obj (.text:abort:abort)

.cinit     0    000004b0    00000014     
                  000004b0    00000008     (.cinit..bss.load) [load image, compression = zero_init]
                  000004b8    00000004     (__TI_handler_table)
                  000004bc    00000008     (__TI_cinit_table)

.init_array 
*          0    00000000    00000000     UNINITIALIZED

.bss       0    20000200    00000004     UNINITIALIZED
                  20000200    00000004     (.common:In)

.stack     0    20000000    00000200     UNINITIALIZED
                  20000000    00000004     rtsv7M4_T_le_v4SPD16_eabi.lib : boot_cortex_m.c.obj (.stack)
                  20000004    000001fc     --HOLE--

__llvm_prf_cnts 
*          0    20000000    00000000     UNINITIALIZED

MODULE SUMMARY

       Module                         code   ro data   rw data
       ------                         ----   -------   -------
    ./
       tm4c123gh6pm_startup_ccs.obj   12     620       0      
       main.obj                       412    0         4      
    +--+------------------------------+------+---------+---------+
       Total:                         424    620       4      
                                                              
    /Applications/ti/ccs1220/ccs/tools/compiler/ti-cgt-arm_20.2.7.LTS/lib/rtsv7M4_T_le_v4SPD16_eabi.lib
       autoinit.c.obj                 68     0         0      
       boot_cortex_m.c.obj            52     0         0      
       copy_zero_init.c.obj           28     0         0      
       exit.c.obj                     4      0         0      
       pre_init.c.obj                 4      0         0      
    +--+------------------------------+------+---------+---------+
       Total:                         156    0         0      
                                                              
       Stack:                         0      0         512    
       Linker Generated:              0      20        0      
    +--+------------------------------+------+---------+---------+
       Grand Total:                   580    640       516    


LINKER GENERATED COPY TABLES

__TI_cinit_table @ 000004bc records: 1, size/record: 8, table size: 8
	.bss: load addr=000004b0, load size=00000008 bytes, run addr=20000200, run size=00000004 bytes, compression=zero_init


LINKER GENERATED HANDLER TABLE

__TI_handler_table @ 000004b8 records: 1, size/record: 4, table size: 4
	index: 0, handler: __TI_zero_init


GLOBAL SYMBOLS: SORTED ALPHABETICALLY BY Name 

address   name                          
-------   ----                          
000004ad  C$$EXIT                       
20000200  In                            
0000026d  PLL_Init                      
00000327  PortF_Init                    
0000049d  ResetISR                      
000002d3  SysTick_Init                  
000002e1  SysTick_Wait                  
00000301  SysTick_Wait100ms             
20000200  __STACK_END                   
00000200  __STACK_SIZE                  
20000200  __STACK_TOP                   
000004bc  __TI_CINIT_Base               
000004c4  __TI_CINIT_Limit              
000004b8  __TI_Handler_Table_Base       
000004bc  __TI_Handler_Table_Limit      
00000409  __TI_auto_init_nobinit_nopinit
ffffffff  __TI_pprof_out_hndl           
ffffffff  __TI_prof_data_size           
ffffffff  __TI_prof_data_start          
00000000  __TI_static_base__            
00000481  __TI_zero_init_nomemset       
ffffffff  __binit__                     
ffffffff  __c_args__                    
UNDEFED   __mpu_init                    
20000000  __stack                       
20000000  __start___llvm_prf_cnts       
20000000  __stop___llvm_prf_cnts        
0000044d  _c_int00_noargs               
UNDEFED   _system_post_cinit            
000004a9  _system_pre_init              
000004ad  abort                         
ffffffff  binit                         
00000000  g_pfnVectors                  
0000036f  main                          


GLOBAL SYMBOLS: SORTED BY Symbol Address 

address   name                          
-------   ----                          
00000000  __TI_static_base__            
00000000  g_pfnVectors                  
00000200  __STACK_SIZE                  
0000026d  PLL_Init                      
000002d3  SysTick_Init                  
000002e1  SysTick_Wait                  
00000301  SysTick_Wait100ms             
00000327  PortF_Init                    
0000036f  main                          
00000409  __TI_auto_init_nobinit_nopinit
0000044d  _c_int00_noargs               
00000481  __TI_zero_init_nomemset       
0000049d  ResetISR                      
000004a9  _system_pre_init              
000004ad  C$$EXIT                       
000004ad  abort                         
000004b8  __TI_Handler_Table_Base       
000004bc  __TI_CINIT_Base               
000004bc  __TI_Handler_Table_Limit      
000004c4  __TI_CINIT_Limit              
20000000  __stack                       
20000000  __start___llvm_prf_cnts       
20000000  __stop___llvm_prf_cnts        
20000200  In                            
20000200  __STACK_END                   
20000200  __STACK_TOP                   
ffffffff  __TI_pprof_out_hndl           
ffffffff  __TI_prof_data_size           
ffffffff  __TI_prof_data_start          
ffffffff  __binit__                     
ffffffff  __c_args__                    
ffffffff  binit                         
UNDEFED   __mpu_init                    
UNDEFED   _system_post_cinit            

[34 symbols]
