******************************************************************************
                  TI ARM Linker Unix v20.2.7                   
******************************************************************************
>> Linked Wed May 17 13:50:11 2023

OUTPUT FILE NAME:   <08 StopWatch.out>
ENTRY POINT SYMBOL: "_c_int00_noargs"  address: 00000805


MEMORY CONFIGURATION

         name            origin    length      used     unused   attr    fill
----------------------  --------  ---------  --------  --------  ----  --------
  FLASH                 00000000   00040000  000008b2  0003f74e  R  X
  SRAM                  20000000   00008000  0000020d  00007df3  RW X


SEGMENT ALLOCATION MAP

run origin  load origin   length   init length attrs members
----------  ----------- ---------- ----------- ----- -------
00000000    00000000    000008b8   000008b8    r-x
  00000000    00000000    0000026c   0000026c    r-- .intvecs
  0000026c    0000026c    0000060c   0000060c    r-x .text
  00000878    00000878    0000000a   0000000a    r-- .const
  00000888    00000888    00000030   00000030    r-- .cinit
20000000    20000000    00000210   00000000    rw-
  20000000    20000000    00000200   00000000    rw- .stack
  20000200    20000200    00000009   00000000    rw- .data
  2000020c    2000020c    00000004   00000000    rw- .bss


SECTION ALLOCATION MAP

 output                                  attributes/
section   page    origin      length       input sections
--------  ----  ----------  ----------   ----------------
.intvecs   0    00000000    0000026c     
                  00000000    0000026c     tm4c123gh6pm_startup_ccs.obj (.intvecs)

.text      0    0000026c    0000060c     
                  0000026c    00000410     main.obj (.text)
                  0000067c    0000009c     rtsv7M4_T_le_v4SPD16_eabi.lib : memcpy_t2.asm.obj (.text)
                  00000718    00000068                                   : copy_decompress_lzss.c.obj (.text:decompress:lzss:__TI_decompress_lzss)
                  00000780    00000044                                   : autoinit.c.obj (.text:__TI_auto_init_nobinit_nopinit:__TI_auto_init_nobinit_nopinit)
                  000007c4    00000040                                   : u_divt2.asm.obj (.text)
                  00000804    00000034                                   : boot_cortex_m.c.obj (.text:_c_int00_noargs:_c_int00_noargs)
                  00000838    0000001c                                   : copy_zero_init.c.obj (.text:decompress:ZI:__TI_zero_init_nomemset:__TI_zero_init_nomemset)
                  00000854    0000000e                                   : copy_decompress_none.c.obj (.text:decompress:none:__TI_decompress_none)
                  00000862    0000000c     tm4c123gh6pm_startup_ccs.obj (.text)
                  0000086e    00000004     rtsv7M4_T_le_v4SPD16_eabi.lib : pre_init.c.obj (.text:_system_pre_init)
                  00000872    00000004                                   : exit.c.obj (.text:abort:abort)
                  00000876    00000002                                   : div0.asm.obj (.text)

.const     0    00000878    0000000a     
                  00000878    0000000a     main.obj (.const:.string:$P$T0$1)

.cinit     0    00000888    00000030     
                  00000888    0000000c     (__TI_handler_table)
                  00000894    00000004     --HOLE-- [fill = 0]
                  00000898    00000008     (.cinit..bss.load) [load image, compression = zero_init]
                  000008a0    00000007     (.cinit..data.load) [load image, compression = lzss]
                  000008a7    00000001     --HOLE-- [fill = 0]
                  000008a8    00000010     (__TI_cinit_table)

.init_array 
*          0    00000000    00000000     UNINITIALIZED

.data      0    20000200    00000009     UNINITIALIZED
                  20000200    00000009     main.obj (.data)

.bss       0    2000020c    00000004     UNINITIALIZED
                  2000020c    00000004     (.common:digit_display)

.stack     0    20000000    00000200     UNINITIALIZED
                  20000000    00000004     rtsv7M4_T_le_v4SPD16_eabi.lib : boot_cortex_m.c.obj (.stack)
                  20000004    000001fc     --HOLE--

__llvm_prf_cnts 
*          0    20000000    00000000     UNINITIALIZED

MODULE SUMMARY

       Module                         code   ro data   rw data
       ------                         ----   -------   -------
    ./
       main.obj                       1040   10        13     
       tm4c123gh6pm_startup_ccs.obj   12     620       0      
    +--+------------------------------+------+---------+---------+
       Total:                         1052   630       13     
                                                              
    /Applications/ti/ccs1220/ccs/tools/compiler/ti-cgt-arm_20.2.7.LTS/lib/rtsv7M4_T_le_v4SPD16_eabi.lib
       memcpy_t2.asm.obj              156    0         0      
       copy_decompress_lzss.c.obj     104    0         0      
       autoinit.c.obj                 68     0         0      
       u_divt2.asm.obj                64     0         0      
       boot_cortex_m.c.obj            52     0         0      
       copy_zero_init.c.obj           28     0         0      
       copy_decompress_none.c.obj     14     0         0      
       exit.c.obj                     4      0         0      
       pre_init.c.obj                 4      0         0      
       div0.asm.obj                   2      0         0      
    +--+------------------------------+------+---------+---------+
       Total:                         496    0         0      
                                                              
       Stack:                         0      0         512    
       Linker Generated:              0      43        0      
    +--+------------------------------+------+---------+---------+
       Grand Total:                   1548   673       525    


LINKER GENERATED COPY TABLES

__TI_cinit_table @ 000008a8 records: 2, size/record: 8, table size: 16
	.bss: load addr=00000898, load size=00000008 bytes, run addr=2000020c, run size=00000004 bytes, compression=zero_init
	.data: load addr=000008a0, load size=00000007 bytes, run addr=20000200, run size=00000009 bytes, compression=lzss


LINKER GENERATED HANDLER TABLE

__TI_handler_table @ 00000888 records: 3, size/record: 4, table size: 12
	index: 0, handler: __TI_decompress_lzss
	index: 1, handler: __TI_decompress_none
	index: 2, handler: __TI_zero_init


GLOBAL SYMBOLS: SORTED ALPHABETICALLY BY Name 

address   name                          
-------   ----                          
00000873  C$$EXIT                       
0000057b  Display                       
0000026d  PLL_Init                      
00000379  PortA_Init                    
000003bf  PortB_Init                    
0000059f  PortF_Handler                 
000002d3  PortF_Init                    
00000863  ResetISR                      
00000469  SysTick_Handler               
00000405  SysTick_Init                  
20000200  __STACK_END                   
00000200  __STACK_SIZE                  
20000200  __STACK_TOP                   
000008a8  __TI_CINIT_Base               
000008b8  __TI_CINIT_Limit              
00000888  __TI_Handler_Table_Base       
00000894  __TI_Handler_Table_Limit      
00000781  __TI_auto_init_nobinit_nopinit
00000719  __TI_decompress_lzss          
00000855  __TI_decompress_none          
ffffffff  __TI_pprof_out_hndl           
ffffffff  __TI_prof_data_size           
ffffffff  __TI_prof_data_start          
00000000  __TI_static_base__            
00000839  __TI_zero_init_nomemset       
00000877  __aeabi_idiv0                 
00000877  __aeabi_ldiv0                 
0000067d  __aeabi_memcpy                
0000067d  __aeabi_memcpy4               
0000067d  __aeabi_memcpy8               
000007c5  __aeabi_uidiv                 
000007c5  __aeabi_uidivmod              
ffffffff  __binit__                     
ffffffff  __c_args__                    
UNDEFED   __mpu_init                    
20000000  __stack                       
20000000  __start___llvm_prf_cnts       
20000000  __stop___llvm_prf_cnts        
00000805  _c_int00_noargs               
UNDEFED   _system_post_cinit            
0000086f  _system_pre_init              
00000873  abort                         
ffffffff  binit                         
2000020c  digit_display                 
00000000  g_pfnVectors                  
20000200  interrupt_count               
00000439  main                          
0000067d  memcpy                        
20000208  push                          
20000204  stopwatch_count               


GLOBAL SYMBOLS: SORTED BY Symbol Address 

address   name                          
-------   ----                          
00000000  __TI_static_base__            
00000000  g_pfnVectors                  
00000200  __STACK_SIZE                  
0000026d  PLL_Init                      
000002d3  PortF_Init                    
00000379  PortA_Init                    
000003bf  PortB_Init                    
00000405  SysTick_Init                  
00000439  main                          
00000469  SysTick_Handler               
0000057b  Display                       
0000059f  PortF_Handler                 
0000067d  __aeabi_memcpy                
0000067d  __aeabi_memcpy4               
0000067d  __aeabi_memcpy8               
0000067d  memcpy                        
00000719  __TI_decompress_lzss          
00000781  __TI_auto_init_nobinit_nopinit
000007c5  __aeabi_uidiv                 
000007c5  __aeabi_uidivmod              
00000805  _c_int00_noargs               
00000839  __TI_zero_init_nomemset       
00000855  __TI_decompress_none          
00000863  ResetISR                      
0000086f  _system_pre_init              
00000873  C$$EXIT                       
00000873  abort                         
00000877  __aeabi_idiv0                 
00000877  __aeabi_ldiv0                 
00000888  __TI_Handler_Table_Base       
00000894  __TI_Handler_Table_Limit      
000008a8  __TI_CINIT_Base               
000008b8  __TI_CINIT_Limit              
20000000  __stack                       
20000000  __start___llvm_prf_cnts       
20000000  __stop___llvm_prf_cnts        
20000200  __STACK_END                   
20000200  __STACK_TOP                   
20000200  interrupt_count               
20000204  stopwatch_count               
20000208  push                          
2000020c  digit_display                 
ffffffff  __TI_pprof_out_hndl           
ffffffff  __TI_prof_data_size           
ffffffff  __TI_prof_data_start          
ffffffff  __binit__                     
ffffffff  __c_args__                    
ffffffff  binit                         
UNDEFED   __mpu_init                    
UNDEFED   _system_post_cinit            

[50 symbols]
