******************************************************************************
                  TI ARM Linker Unix v20.2.7                   
******************************************************************************
>> Linked Tue May 16 15:43:05 2023

OUTPUT FILE NAME:   <04 Traffic light using port E.out>
ENTRY POINT SYMBOL: "_c_int00_noargs"  address: 000003a9


MEMORY CONFIGURATION

         name            origin    length      used     unused   attr    fill
----------------------  --------  ---------  --------  --------  ----  --------
  FLASH                 00000000   00040000  00000420  0003fbe0  R  X
  SRAM                  20000000   00008000  00000208  00007df8  RW X


SEGMENT ALLOCATION MAP

run origin  load origin   length   init length attrs members
----------  ----------- ---------- ----------- ----- -------
00000000    00000000    00000424   00000424    r-x
  00000000    00000000    0000026c   0000026c    r-- .intvecs
  0000026c    0000026c    000001a0   000001a0    r-x .text
  00000410    00000410    00000014   00000014    r-- .cinit
20000000    20000000    00000208   00000000    rw-
  20000000    20000000    00000200   00000000    rw- .stack
  20000200    20000200    00000008   00000000    rw- .bss


SECTION ALLOCATION MAP

 output                                  attributes/
section   page    origin      length       input sections
--------  ----  ----------  ----------   ----------------
.intvecs   0    00000000    0000026c     
                  00000000    0000026c     tm4c123gh6pm_startup_ccs.obj (.intvecs)

.text      0    0000026c    000001a0     
                  0000026c    000000f8     main.obj (.text)
                  00000364    00000044     rtsv7M4_T_le_v4SPD16_eabi.lib : autoinit.c.obj (.text:__TI_auto_init_nobinit_nopinit:__TI_auto_init_nobinit_nopinit)
                  000003a8    00000034                                   : boot_cortex_m.c.obj (.text:_c_int00_noargs:_c_int00_noargs)
                  000003dc    0000001c                                   : copy_zero_init.c.obj (.text:decompress:ZI:__TI_zero_init_nomemset:__TI_zero_init_nomemset)
                  000003f8    0000000c     tm4c123gh6pm_startup_ccs.obj (.text)
                  00000404    00000004     rtsv7M4_T_le_v4SPD16_eabi.lib : pre_init.c.obj (.text:_system_pre_init)
                  00000408    00000004                                   : exit.c.obj (.text:abort:abort)

.cinit     0    00000410    00000014     
                  00000410    00000008     (.cinit..bss.load) [load image, compression = zero_init]
                  00000418    00000004     (__TI_handler_table)
                  0000041c    00000008     (__TI_cinit_table)

.init_array 
*          0    00000000    00000000     UNINITIALIZED

.bss       0    20000200    00000008     UNINITIALIZED
                  20000200    00000004     (.common:arm)
                  20000204    00000004     (.common:sensor)

.stack     0    20000000    00000200     UNINITIALIZED
                  20000000    00000004     rtsv7M4_T_le_v4SPD16_eabi.lib : boot_cortex_m.c.obj (.stack)
                  20000004    000001fc     --HOLE--

__llvm_prf_cnts 
*          0    20000000    00000000     UNINITIALIZED

MODULE SUMMARY

       Module                         code   ro data   rw data
       ------                         ----   -------   -------
    ./
       tm4c123gh6pm_startup_ccs.obj   12     620       0      
       main.obj                       248    0         8      
    +--+------------------------------+------+---------+---------+
       Total:                         260    620       8      
                                                              
    /Applications/ti/ccs1220/ccs/tools/compiler/ti-cgt-arm_20.2.7.LTS/lib/rtsv7M4_T_le_v4SPD16_eabi.lib
       autoinit.c.obj                 68     0         0      
       boot_cortex_m.c.obj            52     0         0      
       copy_zero_init.c.obj           28     0         0      
       exit.c.obj                     4      0         0      
       pre_init.c.obj                 4      0         0      
    +--+------------------------------+------+---------+---------+
       Total:                         156    0         0      
                                                              
       Stack:                         0      0         512    
       Linker Generated:              0      20        0      
    +--+------------------------------+------+---------+---------+
       Grand Total:                   416    640       520    


LINKER GENERATED COPY TABLES

__TI_cinit_table @ 0000041c records: 1, size/record: 8, table size: 8
	.bss: load addr=00000410, load size=00000008 bytes, run addr=20000200, run size=00000008 bytes, compression=zero_init


LINKER GENERATED HANDLER TABLE

__TI_handler_table @ 00000418 records: 1, size/record: 4, table size: 4
	index: 0, handler: __TI_zero_init


GLOBAL SYMBOLS: SORTED ALPHABETICALLY BY Name 

address   name                          
-------   ----                          
00000409  C$$EXIT                       
000002b9  PortE_Init                    
000003f9  ResetISR                      
20000200  __STACK_END                   
00000200  __STACK_SIZE                  
20000200  __STACK_TOP                   
0000041c  __TI_CINIT_Base               
00000424  __TI_CINIT_Limit              
00000418  __TI_Handler_Table_Base       
0000041c  __TI_Handler_Table_Limit      
00000365  __TI_auto_init_nobinit_nopinit
ffffffff  __TI_pprof_out_hndl           
ffffffff  __TI_prof_data_size           
ffffffff  __TI_prof_data_start          
00000000  __TI_static_base__            
000003dd  __TI_zero_init_nomemset       
ffffffff  __binit__                     
ffffffff  __c_args__                    
UNDEFED   __mpu_init                    
20000000  __stack                       
20000000  __start___llvm_prf_cnts       
20000000  __stop___llvm_prf_cnts        
000003a9  _c_int00_noargs               
UNDEFED   _system_post_cinit            
00000405  _system_pre_init              
00000409  abort                         
20000200  arm                           
ffffffff  binit                         
0000030d  delayms                       
00000000  g_pfnVectors                  
0000026d  main                          
20000204  sensor                        


GLOBAL SYMBOLS: SORTED BY Symbol Address 

address   name                          
-------   ----                          
00000000  __TI_static_base__            
00000000  g_pfnVectors                  
00000200  __STACK_SIZE                  
0000026d  main                          
000002b9  PortE_Init                    
0000030d  delayms                       
00000365  __TI_auto_init_nobinit_nopinit
000003a9  _c_int00_noargs               
000003dd  __TI_zero_init_nomemset       
000003f9  ResetISR                      
00000405  _system_pre_init              
00000409  C$$EXIT                       
00000409  abort                         
00000418  __TI_Handler_Table_Base       
0000041c  __TI_CINIT_Base               
0000041c  __TI_Handler_Table_Limit      
00000424  __TI_CINIT_Limit              
20000000  __stack                       
20000000  __start___llvm_prf_cnts       
20000000  __stop___llvm_prf_cnts        
20000200  __STACK_END                   
20000200  __STACK_TOP                   
20000200  arm                           
20000204  sensor                        
ffffffff  __TI_pprof_out_hndl           
ffffffff  __TI_prof_data_size           
ffffffff  __TI_prof_data_start          
ffffffff  __binit__                     
ffffffff  __c_args__                    
ffffffff  binit                         
UNDEFED   __mpu_init                    
UNDEFED   _system_post_cinit            

[32 symbols]
